Archive member included because of file (symbol)

C:\Program Files (x86)\VEX Robotics\VEXcode Pro V5\sdk/vexv5\libv5rt.a(v5_startup.c.obj)
                              (vexStartup)
C:\Program Files (x86)\VEX Robotics\VEXcode Pro V5\sdk/vexv5\libv5rt.a(v5_util.c.obj)
                              C:\Program Files (x86)\VEX Robotics\VEXcode Pro V5\sdk/vexv5\libv5rt.a(v5_startup.c.obj) (vexStdlibVersionLinked)
C:\Program Files (x86)\VEX Robotics\VEXcode Pro V5\sdk/vexv5\libv5rt.a(v5_apijump.c.obj)
                              C:\Program Files (x86)\VEX Robotics\VEXcode Pro V5\sdk/vexv5\libv5rt.a(v5_startup.c.obj) (vexPrivateApiEnable)
C:\Program Files (x86)\VEX Robotics\VEXcode Pro V5\sdk/vexv5\libv5rt.a(v5_apiversions.c.obj)
                              C:\Program Files (x86)\VEX Robotics\VEXcode Pro V5\sdk/vexv5\libv5rt.a(v5_apijump.c.obj) (vexSystemVersion)
C:\Program Files (x86)\VEX Robotics\VEXcode Pro V5\sdk/vexv5\libv5rt.a(vex_global.cpp.obj)
                              build/src/main.o (vex::wait(double, vex::timeUnits))
C:\Program Files (x86)\VEX Robotics\VEXcode Pro V5\sdk/vexv5\libv5rt.a(vex_device.cpp.obj)
                              build/src/main.o (vtable for vex::device)
C:\Program Files (x86)\VEX Robotics\VEXcode Pro V5\sdk/vexv5\libv5rt.a(vex_motor.cpp.obj)
                              build/src/main.o (vex::motor::~motor())
C:\Program Files (x86)\VEX Robotics\VEXcode Pro V5\sdk/vexv5\libv5rt.a(vex_imu.cpp.obj)
                              build/src/main.o (vex::inertial::setHeading(double, vex::rotationUnits))
C:\Program Files (x86)\VEX Robotics\VEXcode Pro V5\sdk/vexv5\libv5rt.a(vex_rotation.cpp.obj)
                              build/src/main.o (vex::rotation::~rotation())
C:\Program Files (x86)\VEX Robotics\VEXcode Pro V5\sdk/vexv5\libv5rt.a(vex_controller.cpp.obj)
                              build/src/robot-config.o (vex::controller::~controller())
C:\Program Files (x86)\VEX Robotics\VEXcode Pro V5\sdk/vexv5\libv5rt.a(vex_thread.cpp.obj)
                              build/src/main.o (vex::thread::thread(int (*)()))
C:\Program Files (x86)\VEX Robotics\VEXcode Pro V5\sdk/vexv5\libv5rt.a(vex_event.cpp.obj)
                              C:\Program Files (x86)\VEX Robotics\VEXcode Pro V5\sdk/vexv5\libv5rt.a(vex_imu.cpp.obj) (vex::event::init(unsigned long, unsigned long, void (*)()))
C:\Program Files (x86)\VEX Robotics\VEXcode Pro V5\sdk/vexv5\libv5rt.a(vex_mevent.cpp.obj)
                              C:\Program Files (x86)\VEX Robotics\VEXcode Pro V5\sdk/vexv5\libv5rt.a(vex_controller.cpp.obj) (vex::mevent::mevent(unsigned long, unsigned long))
C:\Program Files (x86)\VEX Robotics\VEXcode Pro V5\sdk/vexv5\libv5rt.a(vex_brain.cpp.obj)
                              build/src/autonMethodLibrary.o (vex::brain::timer(vex::timeUnits))
C:\Program Files (x86)\VEX Robotics\VEXcode Pro V5\sdk/vexv5\libv5rt.a(vex_competition.cpp.obj)
                              build/src/main.o (vex::competition::competition())
C:\Program Files (x86)\VEX Robotics\VEXcode Pro V5\sdk/vexv5\libv5rt.a(vex_triport.cpp.obj)
                              C:\Program Files (x86)\VEX Robotics\VEXcode Pro V5\sdk/vexv5\libv5rt.a(vex_brain.cpp.obj) (vex::triport::~triport())
C:\Program Files (x86)\VEX Robotics\VEXcode Pro V5\sdk/vexv5\libv5rt.a(vex_color.cpp.obj)
                              C:\Program Files (x86)\VEX Robotics\VEXcode Pro V5\sdk/vexv5\libv5rt.a(vex_brain.cpp.obj) (vex::color::operator unsigned long() const)
C:\Program Files (x86)\VEX Robotics\VEXcode Pro V5\sdk/vexv5\libv5rt.a(vex_timer.cpp.obj)
                              C:\Program Files (x86)\VEX Robotics\VEXcode Pro V5\sdk/vexv5\libv5rt.a(vex_brain.cpp.obj) (vex::timer::~timer())
C:\Program Files (x86)\VEX Robotics\VEXcode Pro V5\sdk/vexv5\libv5rt.a(v5_apiuser.c.obj)
                              C:\Program Files (x86)\VEX Robotics\VEXcode Pro V5\sdk/vexv5\libv5rt.a(vex_triport.cpp.obj) (vexAdiPortConfigSet)
C:\Program Files (x86)\VEX Robotics\VEXcode Pro V5\sdk/vexv5\libv5rt.a(vex_task.cpp.obj)
                              C:\Program Files (x86)\VEX Robotics\VEXcode Pro V5\sdk/vexv5\libv5rt.a(vex_competition.cpp.obj) (vex::task::task(int (*)()))
C:\Program Files (x86)\VEX Robotics\VEXcode Pro V5\sdk/vexv5/gcc/libs\libstdc++.a(sstream-inst.o)
                              build/src/autonMethodLibrary.o (VTT for std::basic_stringstream<char, std::char_traits<char>, std::allocator<char> >)
C:\Program Files (x86)\VEX Robotics\VEXcode Pro V5\sdk/vexv5/gcc/libs\libstdc++.a(streambuf-inst.o)
                              C:\Program Files (x86)\VEX Robotics\VEXcode Pro V5\sdk/vexv5/gcc/libs\libstdc++.a(sstream-inst.o) (vtable for std::basic_streambuf<char, std::char_traits<char> >)
C:\Program Files (x86)\VEX Robotics\VEXcode Pro V5\sdk/vexv5/gcc/libs\libstdc++.a(class_type_info.o)
[...]
Memory Configuration

Name             Origin             Length             Attributes
ps7_ddr_0_S_AXI_BASEADDR 0x03800000         0x04800000
*default*        0x00000000         0xffffffff

Linker script and memory map

                0x00002000                _STACK_SIZE = DEFINED (_STACK_SIZE)?_STACK_SIZE:0x2000
                0x00100000                _HEAP_SIZE = DEFINED (_HEAP_SIZE)?_HEAP_SIZE:0x100000
                0x00000400                _ABORT_STACK_SIZE = DEFINED (_ABORT_STACK_SIZE)?_ABORT_STACK_SIZE:0x400
                0x00000800                _SUPERVISOR_STACK_SIZE = DEFINED (_SUPERVISOR_STACK_SIZE)?_SUPERVISOR_STACK_SIZE:0x800
                0x00000400                _IRQ_STACK_SIZE = DEFINED (_IRQ_STACK_SIZE)?_IRQ_STACK_SIZE:0x400
                0x00000400                _FIQ_STACK_SIZE = DEFINED (_FIQ_STACK_SIZE)?_FIQ_STACK_SIZE:0x400
                0x00000400                _UNDEF_STACK_SIZE = DEFINED (_UNDEF_STACK_SIZE)?_UNDEF_STACK_SIZE:0x400

.text           0x03800000     0x9fa8
 *(.vectors)
 *(.boot_data)
 .boot_data     0x03800000       0x20 C:\Program Files (x86)\VEX Robotics\VEXcode Pro V5\sdk/vexv5\libv5rt.a(v5_startup.c.obj)
                0x03800000                vexCodeSig
                0x00000020                . = 0x20
 *(.boot)
 .boot          0x03800020       0xbc C:\Program Files (x86)\VEX Robotics\VEXcode Pro V5\sdk/vexv5\libv5rt.a(v5_startup.c.obj)
                0x03800020                vexStartup
                0x03800100                . = ALIGN (0x40)
 *fill*         0x038000dc       0x24 
 *(.freertos_vectors)
 *(.text)
 *(.text.*)
 .text._ZNSt3mapIN10drivetrain11driveMotorsEN3vex5motorESt4lessIS1_ESaISt4pairIKS1_S3_EEEC2ESt16initializer_listIS8_ERKS5_RKS9_
                0x03800100       0x68 build/src/main.o
                0x03800100                std::map<drivetrain::driveMotors, vex::motor, std::less<drivetrain::driveMotors>, std::allocator<std::pair<drivetrain::driveMotors const, vex::motor> > >::map(std::initializer_list<std::pair<drivetrain::driveMotors const, vex::motor> >, std::less<drivetrain::driveMotors> const&, std::allocator<std::pair<drivetrain::driveMotors const, vex::motor> > const&)
 .text._ZNSt3mapIN10drivetrain11driveMotorsEN3vex5motorESt4lessIS1_ESaISt4pairIKS1_S3_EEED2Ev
                0x03800168       0x1c build/src/main.o
                0x03800168                std::map<drivetrain::driveMotors, vex::motor, std::less<drivetrain::driveMotors>, std::allocator<std::pair<drivetrain::driveMotors const, vex::motor> > >::~map()
 .text._ZNSt3mapIN10drivetrain10driveSidesESt6vectorIN3vex5motorESaIS4_EESt4lessIS1_ESaISt4pairIKS1_S6_EEEC2ESt16initializer_listISB_ERKS8_RKSC_
                0x03800184       0x64 build/src/main.o
                0x03800184                std::map<drivetrain::driveSides, std::vector<vex::motor, std::allocator<vex::motor> >, std::less<drivetrain::driveSides>, std::allocator<std::pair<drivetrain::driveSides const, std::vector<vex::motor, std::allocator<vex::motor> > > > >::map(std::initializer_list<std::pair<drivetrain::driveSides const, std::vector<vex::motor, std::allocator<vex::motor> > > >, std::less<drivetrain::driveSides> const&, std::allocator<std::pair<drivetrain::driveSides const, std::vector<vex::motor, std::allocator<vex::motor> > > > const&)
 .text._ZNSt6vectorIN3vex5motorESaIS1_EED2Ev
                0x038001e8       0x50 build/src/main.o
                0x038001e8                std::vector<vex::motor, std::allocator<vex::motor> >::~vector()
 .text._ZNSt3mapIN10drivetrain10driveSidesESt6vectorIN3vex5motorESaIS4_EESt4lessIS1_ESaISt4pairIKS1_S6_EEED2Ev
                0x03800238       0x1c build/src/main.o
                0x03800238                std::map<drivetrain::driveSides, std::vector<vex::motor, std::allocator<vex::motor> >, std::less<drivetrain::driveSides>, std::allocator<std::pair<drivetrain::driveSides const, std::vector<vex::motor, std::allocator<vex::motor> > > > >::~map()
 .text._ZNSt3mapIN14trackingWheels14trackingWheelsEN3vex8rotationESt4lessIS1_ESaISt4pairIKS1_S3_EEEC2ESt16initializer_listIS8_ERKS5_RKS9_
                0x03800254       0x68 build/src/main.o
                0x03800254                std::map<trackingWheels::trackingWheels, vex::rotation, std::less<trackingWheels::trackingWheels>, std::allocator<std::pair<trackingWheels::trackingWheels const, vex::rotation> > >::map(std::initializer_list<std::pair<trackingWheels::trackingWheels const, vex::rotation> >, std::less<trackingWheels::trackingWheels> const&, std::allocator<std::pair<trackingWheels::trackingWheels const, vex::rotation> > const&)
 .text._ZNSt3mapIN14trackingWheels14trackingWheelsEN3vex8rotationESt4lessIS1_ESaISt4pairIKS1_S3_EEED2Ev
                0x038002bc       0x1c build/src/main.o
                0x038002bc                std::map<trackingWheels::trackingWheels, vex::rotation, std::less<trackingWheels::trackingWheels>, std::allocator<std::pair<trackingWheels::trackingWheels const, vex::rotation> > >::~map()
 .text._ZNSt6vectorIN3vex8rotationESaIS1_EED2Ev
                0x038002d8       0x50 build/src/main.o
                0x038002d8                std::vector<vex::rotation, std::allocator<vex::rotation> >::~vector()
 .text._ZNSt3mapIN7intakes12intakeMotorsEN3vex5motorESt4lessIS1_ESaISt4pairIKS1_S3_EEEC2ESt16initializer_listIS8_ERKS5_RKS9_
                0x03800328       0x68 build/src/main.o
                0x03800328                std::map<intakes::intakeMotors, vex::motor, std::less<intakes::intakeMotors>, std::allocator<std::pair<intakes::intakeMotors const, vex::motor> > >::map(std::initializer_list<std::pair<intakes::intakeMotors const, vex::motor> >, std::less<intakes::intakeMotors> const&, std::allocator<std::pair<intakes::intakeMotors const, vex::motor> > const&)
 .text._ZNSt3mapIN7intakes12intakeMotorsEN3vex5motorESt4lessIS1_ESaISt4pairIKS1_S3_EEED2Ev
                0x03800390       0x1c build/src/main.o
                0x03800390                std::map<intakes::intakeMotors, vex::motor, std::less<intakes::intakeMotors>, std::allocator<std::pair<intakes::intakeMotors const, vex::motor> > >::~map()
 *fill*         0x038003ac        0x4 
 .text._Z9pre_autonv
                0x038003b0       0x68 build/src/main.o
                0x038003b0                pre_auton()
 .text._Z10autonomousv
                0x03800418       0x5c build/src/main.o
                0x03800418                autonomous()
 *fill*         0x03800474        0x4 
 .text._Z11usercontrolv
                0x03800478      0x168 build/src/main.o
                0x03800478                usercontrol()
 .text.main     0x038005e0       0x68 build/src/main.o
                0x038005e0                main
 .text._ZNSt8_Rb_treeIN10drivetrain11driveMotorsESt4pairIKS1_N3vex5motorEESt10_Select1stIS6_ESt4lessIS1_ESaIS6_EE8_M_eraseEPSt13_Rb_tree_nodeIS6_E
                0x03800648       0x48 build/src/main.o
                0x03800648                std::_Rb_tree<drivetrain::driveMotors, std::pair<drivetrain::driveMotors const, vex::motor>, std::_Select1st<std::pair<drivetrain::driveMotors const, vex::motor> >, std::less<drivetrain::driveMotors>, std::allocator<std::pair<drivetrain::driveMotors const, vex::motor> > >::_M_erase(std::_Rb_tree_node<std::pair<drivetrain::driveMotors const, vex::motor> >*)
 .text._ZNSt6vectorIN3vex5motorESaIS1_EEC2ERKS3_
                0x03800690       0xbc build/src/main.o
                0x03800690                std::vector<vex::motor, std::allocator<vex::motor> >::vector(std::vector<vex::motor, std::allocator<vex::motor> > const&)
 .text._ZNSt12_Vector_baseIN3vex5motorESaIS1_EE11_M_allocateEj
                0x0380074c       0x3c build/src/main.o
                0x0380074c                std::_Vector_base<vex::motor, std::allocator<vex::motor> >::_M_allocate(unsigned int)
 .text._ZNSt8_Rb_treeIN10drivetrain10driveSidesESt4pairIKS1_St6vectorIN3vex5motorESaIS6_EEESt10_Select1stIS9_ESt4lessIS1_ESaIS9_EE8_M_eraseEPSt13_Rb_tree_nodeIS9_E
                0x03800788       0x48 build/src/main.o
                0x03800788                std::_Rb_tree<drivetrain::driveSides, std::pair<drivetrain::driveSides const, std::vector<vex::motor, std::allocator<vex::motor> > >, std::_Select1st<std::pair<drivetrain::driveSides const, std::vector<vex::motor, std::allocator<vex::motor> > > >, std::less<drivetrain::driveSides>, std::allocator<std::pair<drivetrain::driveSides const, std::vector<vex::motor, std::allocator<vex::motor> > > > >::_M_erase(std::_Rb_tree_node<std::pair<drivetrain::driveSides const, std::vector<vex::motor, std::allocator<vex::motor> > > >*)
 .text._ZNSt8_Rb_treeIN14trackingWheels14trackingWheelsESt4pairIKS1_N3vex8rotationEESt10_Select1stIS6_ESt4lessIS1_ESaIS6_EE8_M_eraseEPSt13_Rb_tree_nodeIS6_E
                0x038007d0       0x48 build/src/main.o
                0x038007d0                std::_Rb_tree<trackingWheels::trackingWheels, std::pair<trackingWheels::trackingWheels const, vex::rotation>, std::_Select1st<std::pair<trackingWheels::trackingWheels const, vex::rotation> >, std::less<trackingWheels::trackingWheels>, std::allocator<std::pair<trackingWheels::trackingWheels const, vex::rotation> > >::_M_erase(std::_Rb_tree_node<std::pair<trackingWheels::trackingWheels const, vex::rotation> >*)
 .text._ZNSt8_Rb_treeIN7intakes12intakeMotorsESt4pairIKS1_N3vex5motorEESt10_Select1stIS6_ESt4lessIS1_ESaIS6_EE8_M_eraseEPSt13_Rb_tree_nodeIS6_E
                0x03800818       0x48 build/src/main.o
                0x03800818                std::_Rb_tree<intakes::intakeMotors, std::pair<intakes::intakeMotors const, vex::motor>, std::_Select1st<std::pair<intakes::intakeMotors const, vex::motor> >, std::less<intakes::intakeMotors>, std::allocator<std::pair<intakes::intakeMotors const, vex::motor> > >::_M_erase(std::_Rb_tree_node<std::pair<intakes::intakeMotors const, vex::motor> >*)
 .text._ZNSt8_Rb_treeIN10drivetrain11driveMotorsESt4pairIKS1_N3vex5motorEESt10_Select1stIS6_ESt4lessIS1_ESaIS6_EE17_M_insert_unique_IRKS6_EESt17_Rb_tree_iteratorIS6_ESt23_Rb_tree_const_iteratorIS6_EOT_
                0x03800860       0x50 build/src/main.o
                0x03800860                std::_Rb_tree_iterator<std::pair<drivetrain::driveMotors const, vex::motor> > std::_Rb_tree<drivetrain::driveMotors, std::pair<drivetrain::driveMotors const, vex::motor>, std::_Select1st<std::pair<drivetrain::driveMotors const, vex::motor> >, std::less<drivetrain::driveMotors>, std::allocator<std::pair<drivetrain::driveMotors const, vex::motor> > >::_M_insert_unique_<std::pair<drivetrain::driveMotors const, vex::motor> const&>(std::_Rb_tree_const_iterator<std::pair<drivetrain::driveMotors const, vex::motor> >, std::pair<drivetrain::driveMotors const, vex::motor> const&)
 .text._ZNSt8_Rb_treeIN10drivetrain11driveMotorsESt4pairIKS1_N3vex5motorEESt10_Select1stIS6_ESt4lessIS1_ESaIS6_EE29_M_get_insert_hint_unique_posESt23_Rb_tree_const_iteratorIS6_ERS3_
                0x038008b0      0x108 build/src/main.o
                0x038008b0                std::_Rb_tree<drivetrain::driveMotors, std::pair<drivetrain::driveMotors const, vex::motor>, std::_Select1st<std::pair<drivetrain::driveMotors const, vex::motor> >, std::less<drivetrain::driveMotors>, std::allocator<std::pair<drivetrain::driveMotors const, vex::motor> > >::_M_get_insert_hint_unique_pos(std::_Rb_tree_const_iterator<std::pair<drivetrain::driveMotors const, vex::motor> >, drivetrain::driveMotors const&)
 .text._ZNSt8_Rb_treeIN10drivetrain11driveMotorsESt4pairIKS1_N3vex5motorEESt10_Select1stIS6_ESt4lessIS1_ESaIS6_EE10_M_insert_IRKS6_EESt17_Rb_tree_iteratorIS6_EPSt18_Rb_tree_node_baseSJ_OT_
                0x038009b8       0xb4 build/src/main.o
                0x038009b8                std::_Rb_tree_iterator<std::pair<drivetrain::driveMotors const, vex::motor> > std::_Rb_tree<drivetrain::driveMotors, std::pair<drivetrain::driveMotors const, vex::motor>, std::_Select1st<std::pair<drivetrain::driveMotors const, vex::motor> >, std::less<drivetrain::driveMotors>, std::allocator<std::pair<drivetrain::driveMotors const, vex::motor> > >::_M_insert_<std::pair<drivetrain::driveMotors const, vex::motor> const&>(std::_Rb_tree_node_base*, std::_Rb_tree_node_base*, std::pair<drivetrain::driveMotors const, vex::motor> const&)
 .text._ZNSt8_Rb_treeIN10drivetrain11driveMotorsESt4pairIKS1_N3vex5motorEESt10_Select1stIS6_ESt4lessIS1_ESaIS6_EE24_M_get_insert_unique_posERS3_
                0x03800a6c       0x90 build/src/main.o
                0x03800a6c                std::_Rb_tree<drivetrain::driveMotors, std::pair<drivetrain::driveMotors const, vex::motor>, std::_Select1st<std::pair<drivetrain::driveMotors const, vex::motor> >, std::less<drivetrain::driveMotors>, std::allocator<std::pair<drivetrain::driveMotors const, vex::motor> > >::_M_get_insert_unique_pos(drivetrain::driveMotors const&)
 .text._ZNSt8_Rb_treeIN10drivetrain10driveSidesESt4pairIKS1_St6vectorIN3vex5motorESaIS6_EEESt10_Select1stIS9_ESt4lessIS1_ESaIS9_EE17_M_insert_unique_IRKS9_EESt17_Rb_tree_iteratorIS9_ESt23_Rb_tree_const_iteratorIS9_EOT_
                0x03800afc       0x50 build/src/main.o
                0x03800afc                std::_Rb_tree_iterator<std::pair<drivetrain::driveSides const, std::vector<vex::motor, std::allocator<vex::motor> > > > std::_Rb_tree<drivetrain::driveSides, std::pair<drivetrain::driveSides const, std::vector<vex::motor, std::allocator<vex::motor> > >, std::_Select1st<std::pair<drivetrain::driveSides const, std::vector<vex::motor, std::allocator<vex::motor> > > >, std::less<drivetrain::driveSides>, std::allocator<std::pair<drivetrain::driveSides const, std::vector<vex::motor, std::allocator<vex::motor> > > > >::_M_insert_unique_<std::pair<drivetrain::driveSides const, std::vector<vex::motor, std::allocator<vex::motor> > > const&>(std::_Rb_tree_const_iterator<std::pair<drivetrain::driveSides const, std::vector<vex::motor, std::allocator<vex::motor> > > >, std::pair<drivetrain::driveSides const, std::vector<vex::motor, std::allocator<vex::motor> > > const&)
 .text._ZNSt8_Rb_treeIN10drivetrain10driveSidesESt4pairIKS1_St6vectorIN3vex5motorESaIS6_EEESt10_Select1stIS9_ESt4lessIS1_ESaIS9_EE29_M_get_insert_hint_unique_posESt23_Rb_tree_const_iteratorIS9_ERS3_
                0x03800b4c      0x108 build/src/main.o
                0x03800b4c                std::_Rb_tree<drivetrain::driveSides, std::pair<drivetrain::driveSides const, std::vector<vex::motor, std::allocator<vex::motor> > >, std::_Select1st<std::pair<drivetrain::driveSides const, std::vector<vex::motor, std::allocator<vex::motor> > > >, std::less<drivetrain::driveSides>, std::allocator<std::pair<drivetrain::driveSides const, std::vector<vex::motor, std::allocator<vex::motor> > > > >::_M_get_insert_hint_unique_pos(std::_Rb_tree_const_iterator<std::pair<drivetrain::driveSides const, std::vector<vex::motor, std::allocator<vex::motor> > > >, drivetrain::driveSides const&)
 .text._ZNSt8_Rb_treeIN10drivetrain10driveSidesESt4pairIKS1_St6vectorIN3vex5motorESaIS6_EEESt10_Select1stIS9_ESt4lessIS1_ESaIS9_EE10_M_insert_IRKS9_EESt17_Rb_tree_iteratorIS9_EPSt18_Rb_tree_node_baseSM_OT_
                0x03800c54       0x88 build/src/main.o
                0x03800c54                std::_Rb_tree_iterator<std::pair<drivetrain::driveSides const, std::vector<vex::motor, std::allocator<vex::motor> > > > std::_Rb_tree<drivetrain::driveSides, std::pair<drivetrain::driveSides const, std::vector<vex::motor, std::allocator<vex::motor> > >, std::_Select1st<std::pair<drivetrain::driveSides const, std::vector<vex::motor, std::allocator<vex::motor> > > >, std::less<drivetrain::driveSides>, std::allocator<std::pair<drivetrain::driveSides const, std::vector<vex::motor, std::allocator<vex::motor> > > > >::_M_insert_<std::pair<drivetrain::driveSides const, std::vector<vex::motor, std::allocator<vex::motor> > > const&>(std::_Rb_tree_node_base*, std::_Rb_tree_node_base*, std::pair<drivetrain::driveSides const, std::vector<vex::motor, std::allocator<vex::motor> > > const&)
 .text._ZNSt8_Rb_treeIN10drivetrain10driveSidesESt4pairIKS1_St6vectorIN3vex5motorESaIS6_EEESt10_Select1stIS9_ESt4lessIS1_ESaIS9_EE24_M_get_insert_unique_posERS3_
                0x03800cdc       0x90 build/src/main.o
                0x03800cdc                std::_Rb_tree<drivetrain::driveSides, std::pair<drivetrain::driveSides const, std::vector<vex::motor, std::allocator<vex::motor> > >, std::_Select1st<std::pair<drivetrain::driveSides const, std::vector<vex::motor, std::allocator<vex::motor> > > >, std::less<drivetrain::driveSides>, std::allocator<std::pair<drivetrain::driveSides const, std::vector<vex::motor, std::allocator<vex::motor> > > > >::_M_get_insert_unique_pos(drivetrain::driveSides const&)
 .text._ZNSt8_Rb_treeIN14trackingWheels14trackingWheelsESt4pairIKS1_N3vex8rotationEESt10_Select1stIS6_ESt4lessIS1_ESaIS6_EE17_M_insert_unique_IRKS6_EESt17_Rb_tree_iteratorIS6_ESt23_Rb_tree_const_iteratorIS6_EOT_
                0x03800d6c       0x50 build/src/main.o
                0x03800d6c                std::_Rb_tree_iterator<std::pair<trackingWheels::trackingWheels const, vex::rotation> > std::_Rb_tree<trackingWheels::trackingWheels, std::pair<trackingWheels::trackingWheels const, vex::rotation>, std::_Select1st<std::pair<trackingWheels::trackingWheels const, vex::rotation> >, std::less<trackingWheels::trackingWheels>, std::allocator<std::pair<trackingWheels::trackingWheels const, vex::rotation> > >::_M_insert_unique_<std::pair<trackingWheels::trackingWheels const, vex::rotation> const&>(std::_Rb_tree_const_iterator<std::pair<trackingWheels::trackingWheels const, vex::rotation> >, std::pair<trackingWheels::trackingWheels const, vex::rotation> const&)
 .text._ZNSt8_Rb_treeIN14trackingWheels14trackingWheelsESt4pairIKS1_N3vex8rotationEESt10_Select1stIS6_ESt4lessIS1_ESaIS6_EE29_M_get_insert_hint_unique_posESt23_Rb_tree_const_iteratorIS6_ERS3_
                0x03800dbc      0x108 build/src/main.o
                0x03800dbc                std::_Rb_tree<trackingWheels::trackingWheels, std::pair<trackingWheels::trackingWheels const, vex::rotation>, std::_Select1st<std::pair<trackingWheels::trackingWheels const, vex::rotation> >, std::less<trackingWheels::trackingWheels>, std::allocator<std::pair<trackingWheels::trackingWheels const, vex::rotation> > >::_M_get_insert_hint_unique_pos(std::_Rb_tree_const_iterator<std::pair<trackingWheels::trackingWheels const, vex::rotation> >, trackingWheels::trackingWheels const&)
 .text._ZNSt8_Rb_treeIN14trackingWheels14trackingWheelsESt4pairIKS1_N3vex8rotationEESt10_Select1stIS6_ESt4lessIS1_ESaIS6_EE10_M_insert_IRKS6_EESt17_Rb_tree_iteratorIS6_EPSt18_Rb_tree_node_baseSJ_OT_
                0x03800ec4       0x9c build/src/main.o
                0x03800ec4                std::_Rb_tree_iterator<std::pair<trackingWheels::trackingWheels const, vex::rotation> > std::_Rb_tree<trackingWheels::trackingWheels, std::pair<trackingWheels::trackingWheels const, vex::rotation>, std::_Select1st<std::pair<trackingWheels::trackingWheels const, vex::rotation> >, std::less<trackingWheels::trackingWheels>, std::allocator<std::pair<trackingWheels::trackingWheels const, vex::rotation> > >::_M_insert_<std::pair<trackingWheels::trackingWheels const, vex::rotation> const&>(std::_Rb_tree_node_base*, std::_Rb_tree_node_base*, std::pair<trackingWheels::trackingWheels const, vex::rotation> const&)
 .text._ZNSt8_Rb_treeIN14trackingWheels14trackingWheelsESt4pairIKS1_N3vex8rotationEESt10_Select1stIS6_ESt4lessIS1_ESaIS6_EE24_M_get_insert_unique_posERS3_
                0x03800f60       0x90 build/src/main.o
                0x03800f60                std::_Rb_tree<trackingWheels::trackingWheels, std::pair<trackingWheels::trackingWheels const, vex::rotation>, std::_Select1st<std::pair<trackingWheels::trackingWheels const, vex::rotation> >, std::less<trackingWheels::trackingWheels>, std::allocator<std::pair<trackingWheels::trackingWheels const, vex::rotation> > >::_M_get_insert_unique_pos(trackingWheels::trackingWheels const&)
 .text._ZNSt8_Rb_treeIN7intakes12intakeMotorsESt4pairIKS1_N3vex5motorEESt10_Select1stIS6_ESt4lessIS1_ESaIS6_EE17_M_insert_unique_IRKS6_EESt17_Rb_tree_iteratorIS6_ESt23_Rb_tree_const_iteratorIS6_EOT_
                0x03800ff0       0x50 build/src/main.o
                0x03800ff0                std::_Rb_tree_iterator<std::pair<intakes::intakeMotors const, vex::motor> > std::_Rb_tree<intakes::intakeMotors, std::pair<intakes::intakeMotors const, vex::motor>, std::_Select1st<std::pair<intakes::intakeMotors const, vex::motor> >, std::less<intakes::intakeMotors>, std::allocator<std::pair<intakes::intakeMotors const, vex::motor> > >::_M_insert_unique_<std::pair<intakes::intakeMotors const, vex::motor> const&>(std::_Rb_tree_const_iterator<std::pair<intakes::intakeMotors const, vex::motor> >, std::pair<intakes::intakeMotors const, vex::motor> const&)
 .text._ZNSt8_Rb_treeIN7intakes12intakeMotorsESt4pairIKS1_N3vex5motorEESt10_Select1stIS6_ESt4lessIS1_ESaIS6_EE29_M_get_insert_hint_unique_posESt23_Rb_tree_const_iteratorIS6_ERS3_
                0x03801040      0x108 build/src/main.o
                0x03801040                std::_Rb_tree<intakes::intakeMotors, std::pair<intakes::intakeMotors const, vex::motor>, std::_Select1st<std::pair<intakes::intakeMotors const, vex::motor> >, std::less<intakes::intakeMotors>, std::allocator<std::pair<intakes::intakeMotors const, vex::motor> > >::_M_get_insert_hint_unique_pos(std::_Rb_tree_const_iterator<std::pair<intakes::intakeMotors const, vex::motor> >, intakes::intakeMotors const&)
 .text._ZNSt8_Rb_treeIN7intakes12intakeMotorsESt4pairIKS1_N3vex5motorEESt10_Select1stIS6_ESt4lessIS1_ESaIS6_EE10_M_insert_IRKS6_EESt17_Rb_tree_iteratorIS6_EPSt18_Rb_tree_node_baseSJ_OT_
                0x03801148       0xb4 build/src/main.o
                0x03801148                std::_Rb_tree_iterator<std::pair<intakes::intakeMotors const, vex::motor> > std::_Rb_tree<intakes::intakeMotors, std::pair<intakes::intakeMotors const, vex::motor>, std::_Select1st<std::pair<intakes::intakeMotors const, vex::motor> >, std::less<intakes::intakeMotors>, std::allocator<std::pair<intakes::intakeMotors const, vex::motor> > >::_M_insert_<std::pair<intakes::intakeMotors const, vex::motor> const&>(std::_Rb_tree_node_base*, std::_Rb_tree_node_base*, std::pair<intakes::intakeMotors const, vex::motor> const&)
 .text._ZNSt8_Rb_treeIN7intakes12intakeMotorsESt4pairIKS1_N3vex5motorEESt10_Select1stIS6_ESt4lessIS1_ESaIS6_EE24_M_get_insert_unique_posERS3_
                0x038011fc       0x90 build/src/main.o
                0x038011fc                std::_Rb_tree<intakes::intakeMotors, std::pair<intakes::intakeMotors const, vex::motor>, std::_Select1st<std::pair<intakes::intakeMotors const, vex::motor> >, std::less<intakes::intakeMotors>, std::allocator<std::pair<intakes::intakeMotors const, vex::motor> > >::_M_get_insert_unique_pos(intakes::intakeMotors const&)
 .text._GLOBAL__sub_I_main.cpp
                0x0380128c      0x8bc build/src/main.o
 .text._Z9turnCurveRKdS0_S0_
                0x03801b48      0x360 build/src/autonMethodLibrary.o
                0x03801b48                turnCurve(double const&, double const&, double const&)
 .text._Z16positionTrackingv
                0x03801ea8      0x390 build/src/autonMethodLibrary.o
                0x03801ea8                positionTracking()
 .text._Z10backLinearddd
                0x03802238       0xd8 build/src/autonMethodLibrary.o
                0x03802238                backLinear(double, double, double)
 .text._GLOBAL__sub_I_autonMethodLibrary.cpp
                0x03802310      0x894 build/src/autonMethodLibrary.o
 *fill*         0x03802ba4        0x4 
 .text._Z7homeRowv
                0x03802ba8      0x468 build/src/autonomous.o
                0x03802ba8                homeRow()
 .text._GLOBAL__sub_I_autonomous.cpp
                0x03803010      0x894 build/src/autonomous.o
 .text._ZNSt3mapIN10drivetrain10driveSidesESt6vectorIN3vex5motorESaIS4_EESt4lessIS1_ESaISt4pairIKS1_S6_EEE2atERSA_
                0x038038a4       0x70 build/src/drivetrainFunctions.o
                0x038038a4                std::map<drivetrain::driveSides, std::vector<vex::motor, std::allocator<vex::motor> >, std::less<drivetrain::driveSides>, std::allocator<std::pair<drivetrain::driveSides const, std::vector<vex::motor, std::allocator<vex::motor> > > > >::at(drivetrain::driveSides const&)
 .text._ZN10drivetrain9resetIMEsERN3vex5motorE
                0x03803914        0x4 build/src/drivetrainFunctions.o
                0x03803914                drivetrain::resetIMEs(vex::motor&)
 .text._ZN10drivetrain7stopAllEv
                0x03803918       0x44 build/src/drivetrainFunctions.o
                0x03803918                drivetrain::stopAll()
 .text._ZN10drivetrain7stopAllERKN3vex9brakeTypeE
                0x0380395c       0x3c build/src/drivetrainFunctions.o
                0x0380395c                drivetrain::stopAll(vex::brakeType const&)
 .text._ZN10drivetrain11spinInVoltsERKd
                0x03803998       0x68 build/src/drivetrainFunctions.o
                0x03803998                drivetrain::spinInVolts(double const&)
 .text._ZN10drivetrain11spinInVoltsERKdRKNS_10driveSidesE
                0x03803a00       0x6c build/src/drivetrainFunctions.o
                0x03803a00                drivetrain::spinInVolts(double const&, drivetrain::driveSides const&)
 *fill*         0x03803a6c        0x4 
 .text._ZN10drivetrain9spinInPctERKd
                0x03803a70       0x38 build/src/drivetrainFunctions.o
                0x03803a70                drivetrain::spinInPct(double const&)
 .text._GLOBAL__sub_I_drivetrainFunctions.cpp
                0x03803aa8      0x894 build/src/drivetrainFunctions.o
 .text._Z11vexcodeInitv
                0x0380433c        0x4 build/src/robot-config.o
                0x0380433c                vexcodeInit()
 .text._GLOBAL__sub_I_robot_config.cpp
                0x03804340      0x304 build/src/robot-config.o
 *fill*         0x03804644        0x4 
 .text._Z15joystickControlv
                0x03804648       0x90 build/src/opControl.o
                0x03804648                joystickControl()
 .text._Z14indexerControlv
                0x038046d8       0x88 build/src/opControl.o
                0x038046d8                indexerControl()
 .text._Z14shooterControlv
                0x03804760      0x1f0 build/src/opControl.o
                0x03804760                shooterControl()
 .text._Z13screenControlv
                0x03804950      0x304 build/src/opControl.o
                0x03804950                screenControl()
 .text._GLOBAL__sub_I_opControl.cpp
                0x03804c54      0x894 build/src/opControl.o
 .text._ZN14trackingWheels14resetPositionsEv
                0x038054e8       0x34 build/src/trackingWheelFunctions.o
                0x038054e8                trackingWheels::resetPositions()
 .text._ZNSt3mapIN14trackingWheels14trackingWheelsEN3vex8rotationESt4lessIS1_ESaISt4pairIKS1_S3_EEE2atERS7_
                0x0380551c       0x70 build/src/trackingWheelFunctions.o
                0x0380551c                std::map<trackingWheels::trackingWheels, vex::rotation, std::less<trackingWheels::trackingWheels>, std::allocator<std::pair<trackingWheels::trackingWheels const, vex::rotation> > >::at(trackingWheels::trackingWheels const&)
 .text._ZN14trackingWheels14resetPositionsERKNS_14trackingWheelsE
                0x0380558c       0x20 build/src/trackingWheelFunctions.o
                0x0380558c                trackingWheels::resetPositions(trackingWheels::trackingWheels const&)
 .text._ZN14trackingWheels11getPositionERKNS_14trackingWheelsE
                0x038055ac       0x2c build/src/trackingWheelFunctions.o
                0x038055ac                trackingWheels::getPosition(trackingWheels::trackingWheels const&)
 .text._ZN14trackingWheels14getAvgPositionEv
                0x038055d8       0x7c build/src/trackingWheelFunctions.o
                0x038055d8                trackingWheels::getAvgPosition()
 .text._GLOBAL__sub_I_trackingWheelFunctions.cpp
                0x03805654      0x894 build/src/trackingWheelFunctions.o
 .text._ZN7intakes9spinMaxInEv
                0x03805ee8       0x6c build/src/intakeFunctions.o
                0x03805ee8                intakes::spinMaxIn()
 .text._ZN7intakes10spinMaxOutEv
                0x03805f54       0x6c build/src/intakeFunctions.o
                0x03805f54                intakes::spinMaxOut()
 .text._ZN7intakes7stopAllEv
                0x03805fc0       0x44 build/src/intakeFunctions.o
                0x03805fc0                intakes::stopAll()
 .text._GLOBAL__sub_I_intakeFunctions.cpp
                0x03806004      0x894 build/src/intakeFunctions.o
 .text.vexMain  0x03806898       0xb0 C:\Program Files (x86)\VEX Robotics\VEXcode Pro V5\sdk/vexv5\libv5rt.a(v5_startup.c.obj)
                0x03806898                vexMain
 .text.__vex_function_prolog
                0x03806948       0x18 C:\Program Files (x86)\VEX Robotics\VEXcode Pro V5\sdk/vexv5\libv5rt.a(v5_startup.c.obj)
                0x03806948                __vex_function_prolog
 .text._init    0x03806960        0x4 C:\Program Files (x86)\VEX Robotics\VEXcode Pro V5\sdk/vexv5\libv5rt.a(v5_startup.c.obj)
                0x03806960                _init
 .text._fini    0x03806964        0x4 C:\Program Files (x86)\VEX Robotics\VEXcode Pro V5\sdk/vexv5\libv5rt.a(v5_startup.c.obj)
                0x03806964                _fini
 .text.vexStdlibVersionLinked
                0x03806968        0xc C:\Program Files (x86)\VEX Robotics\VEXcode Pro V5\sdk/vexv5\libv5rt.a(v5_util.c.obj)
                0x03806968                vexStdlibVersionLinked
 .text.vexStdlibVersionVerify
                0x03806974       0x30 C:\Program Files (x86)\VEX Robotics\VEXcode Pro V5\sdk/vexv5\libv5rt.a(v5_util.c.obj)
                0x03806974                vexStdlibVersionVerify
 .text.vexPrivateApiEnable
                0x038069a4       0x10 C:\Program Files (x86)\VEX Robotics\VEXcode Pro V5\sdk/vexv5\libv5rt.a(v5_apijump.c.obj)
                0x038069a4                vexPrivateApiEnable
 .text.vexStdlibMismatchError
                0x038069b4       0x3c C:\Program Files (x86)\VEX Robotics\VEXcode Pro V5\sdk/vexv5\libv5rt.a(v5_apijump.c.obj)
                0x038069b4                vexStdlibMismatchError
 .text.vexTaskAdd
                0x038069f0       0x10 C:\Program Files (x86)\VEX Robotics\VEXcode Pro V5\sdk/vexv5\libv5rt.a(v5_apijump.c.obj)
                0x038069f0                vexTaskAdd
 .text.vexTasksRun
                0x03806a00       0x10 C:\Program Files (x86)\VEX Robotics\VEXcode Pro V5\sdk/vexv5\libv5rt.a(v5_apijump.c.obj)
                0x03806a00                vexTasksRun
 .text.vexTaskYield
                0x03806a10       0x10 C:\Program Files (x86)\VEX Robotics\VEXcode Pro V5\sdk/vexv5\libv5rt.a(v5_apijump.c.obj)
                0x03806a10                vexTaskYield
 .text.vexTaskCheckTimeslice
                0x03806a20       0x10 C:\Program Files (x86)\VEX Robotics\VEXcode Pro V5\sdk/vexv5\libv5rt.a(v5_apijump.c.obj)
                0x03806a20                vexTaskCheckTimeslice
 .text.vexTaskSleep
                0x03806a30       0x10 C:\Program Files (x86)\VEX Robotics\VEXcode Pro V5\sdk/vexv5\libv5rt.a(v5_apijump.c.obj)
                0x03806a30                vexTaskSleep
 .text.vexTasksDump
                0x03806a40       0x1c C:\Program Files (x86)\VEX Robotics\VEXcode Pro V5\sdk/vexv5\libv5rt.a(v5_apijump.c.obj)
                0x03806a40                vexTasksDump
 .text.vexTaskGetTaskIndex
                0x03806a5c       0x10 C:\Program Files (x86)\VEX Robotics\VEXcode Pro V5\sdk/vexv5\libv5rt.a(v5_apijump.c.obj)
                0x03806a5c                vexTaskGetTaskIndex
 .text.vexTaskStopAll
                0x03806a6c       0x10 C:\Program Files (x86)\VEX Robotics\VEXcode Pro V5\sdk/vexv5\libv5rt.a(v5_apijump.c.obj)
                0x03806a6c                vexTaskStopAll
 .text.vexTaskRemoveAllUser
                0x03806a7c       0x34 C:\Program Files (x86)\VEX Robotics\VEXcode Pro V5\sdk/vexv5\libv5rt.a(v5_apijump.c.obj)
                0x03806a7c                vexTaskRemoveAllUser
 .text.vexTaskCompletionIdSet
                0x03806ab0       0x10 C:\Program Files (x86)\VEX Robotics\VEXcode Pro V5\sdk/vexv5\libv5rt.a(v5_apijump.c.obj)
                0x03806ab0                vexTaskCompletionIdSet
 .text.vexTaskStopWithId
                0x03806ac0       0x10 C:\Program Files (x86)\VEX Robotics\VEXcode Pro V5\sdk/vexv5\libv5rt.a(v5_apijump.c.obj)
                0x03806ac0                vexTaskStopWithId
 .text.vexTaskWaitForExitWithId
                0x03806ad0       0x4c C:\Program Files (x86)\VEX Robotics\VEXcode Pro V5\sdk/vexv5\libv5rt.a(v5_apijump.c.obj)
                0x03806ad0                vexTaskWaitForExitWithId
 .text.vexCriticalSection
                0x03806b1c       0x2c C:\Program Files (x86)\VEX Robotics\VEXcode Pro V5\sdk/vexv5\libv5rt.a(v5_apijump.c.obj)
                0x03806b1c                vexCriticalSection
 .text.vexEventAdd
                0x03806b48       0x34 C:\Program Files (x86)\VEX Robotics\VEXcode Pro V5\sdk/vexv5\libv5rt.a(v5_apijump.c.obj)
                0x03806b48                vexEventAdd
 .text.vexEventUserIndexGet
                0x03806b7c       0x1c C:\Program Files (x86)\VEX Robotics\VEXcode Pro V5\sdk/vexv5\libv5rt.a(v5_apijump.c.obj)
                0x03806b7c                vexEventUserIndexGet
 .text.vexEventAddWithArg
                0x03806b98       0x3c C:\Program Files (x86)\VEX Robotics\VEXcode Pro V5\sdk/vexv5\libv5rt.a(v5_apijump.c.obj)
                0x03806b98                vexEventAddWithArg
 .text.vexEventsCleanup
                0x03806bd4       0x2c C:\Program Files (x86)\VEX Robotics\VEXcode Pro V5\sdk/vexv5\libv5rt.a(v5_apijump.c.obj)
                0x03806bd4                vexEventsCleanup
 .text.vexDebug
                0x03806c00       0x38 C:\Program Files (x86)\VEX Robotics\VEXcode Pro V5\sdk/vexv5\libv5rt.a(v5_apijump.c.obj)
                0x03806c00                vexDebug
 .text.vex_sprintf
                0x03806c38       0x40 C:\Program Files (x86)\VEX Robotics\VEXcode Pro V5\sdk/vexv5\libv5rt.a(v5_apijump.c.obj)
                0x03806c38                vex_sprintf
 .text.vex_vsnprintf
                0x03806c78       0x3c C:\Program Files (x86)\VEX Robotics\VEXcode Pro V5\sdk/vexv5\libv5rt.a(v5_apijump.c.obj)
                0x03806c78                vex_vsnprintf
 .text.vexSystemTimeGet
                0x03806cb4       0x1c C:\Program Files (x86)\VEX Robotics\VEXcode Pro V5\sdk/vexv5\libv5rt.a(v5_apijump.c.obj)
                0x03806cb4                vexSystemTimeGet
 .text.vexSystemExitRequest
                0x03806cd0       0x1c C:\Program Files (x86)\VEX Robotics\VEXcode Pro V5\sdk/vexv5\libv5rt.a(v5_apijump.c.obj)
                0x03806cd0                vexSystemExitRequest
 .text.vexDeviceGetByIndex
                0x03806cec       0x24 C:\Program Files (x86)\VEX Robotics\VEXcode Pro V5\sdk/vexv5\libv5rt.a(v5_apijump.c.obj)
                0x03806cec                vexDeviceGetByIndex
 .text.vexControllerGet
                0x03806d10       0x2c C:\Program Files (x86)\VEX Robotics\VEXcode Pro V5\sdk/vexv5\libv5rt.a(v5_apijump.c.obj)
                0x03806d10                vexControllerGet
 .text.vexControllerTextSet
                0x03806d3c       0x74 C:\Program Files (x86)\VEX Robotics\VEXcode Pro V5\sdk/vexv5\libv5rt.a(v5_apijump.c.obj)
                0x03806d3c                vexControllerTextSet
 .text.vexDeviceAdiPortConfigSet
                0x03806db0       0x34 C:\Program Files (x86)\VEX Robotics\VEXcode Pro V5\sdk/vexv5\libv5rt.a(v5_apijump.c.obj)
                0x03806db0                vexDeviceAdiPortConfigSet
 .text.vexDeviceAdiPortConfigGet
                0x03806de4       0x2c C:\Program Files (x86)\VEX Robotics\VEXcode Pro V5\sdk/vexv5\libv5rt.a(v5_apijump.c.obj)
                0x03806de4                vexDeviceAdiPortConfigGet
 .text.vexDeviceAdiValueGet
                0x03806e10       0x2c C:\Program Files (x86)\VEX Robotics\VEXcode Pro V5\sdk/vexv5\libv5rt.a(v5_apijump.c.obj)
                0x03806e10                vexDeviceAdiValueGet
 .text.vexDeviceMotorVelocitySet
                0x03806e3c       0x2c C:\Program Files (x86)\VEX Robotics\VEXcode Pro V5\sdk/vexv5\libv5rt.a(v5_apijump.c.obj)
                0x03806e3c                vexDeviceMotorVelocitySet
 .text.vexDeviceMotorVoltageSet
                0x03806e68       0x2c C:\Program Files (x86)\VEX Robotics\VEXcode Pro V5\sdk/vexv5\libv5rt.a(v5_apijump.c.obj)
                0x03806e68                vexDeviceMotorVoltageSet
 .text.vexDeviceMotorActualVelocityGet
                0x03806e94       0x24 C:\Program Files (x86)\VEX Robotics\VEXcode Pro V5\sdk/vexv5\libv5rt.a(v5_apijump.c.obj)
                0x03806e94                vexDeviceMotorActualVelocityGet
 .text.vexDeviceMotorTemperatureGet
                0x03806eb8       0x24 C:\Program Files (x86)\VEX Robotics\VEXcode Pro V5\sdk/vexv5\libv5rt.a(v5_apijump.c.obj)
                0x03806eb8                vexDeviceMotorTemperatureGet
 .text.vexDeviceMotorReverseFlagSet
                0x03806edc       0x2c C:\Program Files (x86)\VEX Robotics\VEXcode Pro V5\sdk/vexv5\libv5rt.a(v5_apijump.c.obj)
                0x03806edc                vexDeviceMotorReverseFlagSet
 .text.vexDeviceMotorEncoderUnitsSet
                0x03806f08       0x2c C:\Program Files (x86)\VEX Robotics\VEXcode Pro V5\sdk/vexv5\libv5rt.a(v5_apijump.c.obj)
                0x03806f08                vexDeviceMotorEncoderUnitsSet
 .text.vexDeviceMotorBrakeModeSet
                0x03806f34       0x2c C:\Program Files (x86)\VEX Robotics\VEXcode Pro V5\sdk/vexv5\libv5rt.a(v5_apijump.c.obj)
                0x03806f34                vexDeviceMotorBrakeModeSet
 .text.vexDeviceMotorPositionSet
                0x03806f60       0x34 C:\Program Files (x86)\VEX Robotics\VEXcode Pro V5\sdk/vexv5\libv5rt.a(v5_apijump.c.obj)
                0x03806f60                vexDeviceMotorPositionSet
 .text.vexDeviceMotorGearingSet
                0x03806f94       0x2c C:\Program Files (x86)\VEX Robotics\VEXcode Pro V5\sdk/vexv5\libv5rt.a(v5_apijump.c.obj)
                0x03806f94                vexDeviceMotorGearingSet
 .text.vexDeviceMotorGearingGet
                0x03806fc0       0x24 C:\Program Files (x86)\VEX Robotics\VEXcode Pro V5\sdk/vexv5\libv5rt.a(v5_apijump.c.obj)
                0x03806fc0                vexDeviceMotorGearingGet
 .text.vexDeviceImuReset
                0x03806fe4       0x24 C:\Program Files (x86)\VEX Robotics\VEXcode Pro V5\sdk/vexv5\libv5rt.a(v5_apijump.c.obj)
                0x03806fe4                vexDeviceImuReset
 .text.vexDeviceImuHeadingGet
                0x03807008       0x24 C:\Program Files (x86)\VEX Robotics\VEXcode Pro V5\sdk/vexv5\libv5rt.a(v5_apijump.c.obj)
                0x03807008                vexDeviceImuHeadingGet
 .text.vexDeviceImuDegreesGet
                0x0380702c       0x24 C:\Program Files (x86)\VEX Robotics\VEXcode Pro V5\sdk/vexv5\libv5rt.a(v5_apijump.c.obj)
                0x0380702c                vexDeviceImuDegreesGet
 .text.vexDeviceImuStatusGet
                0x03807050       0x24 C:\Program Files (x86)\VEX Robotics\VEXcode Pro V5\sdk/vexv5\libv5rt.a(v5_apijump.c.obj)
                0x03807050                vexDeviceImuStatusGet
 .text.vexDeviceAbsEncPositionSet
                0x03807074       0x2c C:\Program Files (x86)\VEX Robotics\VEXcode Pro V5\sdk/vexv5\libv5rt.a(v5_apijump.c.obj)
                0x03807074                vexDeviceAbsEncPositionSet
 .text.vexDeviceAbsEncPositionGet
                0x038070a0       0x24 C:\Program Files (x86)\VEX Robotics\VEXcode Pro V5\sdk/vexv5\libv5rt.a(v5_apijump.c.obj)
                0x038070a0                vexDeviceAbsEncPositionGet
 .text.vexDeviceAbsEncAngleGet
                0x038070c4       0x24 C:\Program Files (x86)\VEX Robotics\VEXcode Pro V5\sdk/vexv5\libv5rt.a(v5_apijump.c.obj)
                0x038070c4                vexDeviceAbsEncAngleGet
 .text.vexDeviceAbsEncReverseFlagSet
                0x038070e8       0x2c C:\Program Files (x86)\VEX Robotics\VEXcode Pro V5\sdk/vexv5\libv5rt.a(v5_apijump.c.obj)
                0x038070e8                vexDeviceAbsEncReverseFlagSet
 .text.vexDisplayForegroundColor
                0x03807114       0x24 C:\Program Files (x86)\VEX Robotics\VEXcode Pro V5\sdk/vexv5\libv5rt.a(v5_apijump.c.obj)
                0x03807114                vexDisplayForegroundColor
 .text.vexDisplayBackgroundColor
                0x03807138       0x24 C:\Program Files (x86)\VEX Robotics\VEXcode Pro V5\sdk/vexv5\libv5rt.a(v5_apijump.c.obj)
                0x03807138                vexDisplayBackgroundColor
 .text.vexDisplayBackgroundColorGet
                0x0380715c       0x1c C:\Program Files (x86)\VEX Robotics\VEXcode Pro V5\sdk/vexv5\libv5rt.a(v5_apijump.c.obj)
                0x0380715c                vexDisplayBackgroundColorGet
 .text.vexDisplayRectClear
                0x03807178       0x4c C:\Program Files (x86)\VEX Robotics\VEXcode Pro V5\sdk/vexv5\libv5rt.a(v5_apijump.c.obj)
                0x03807178                vexDisplayRectClear
 .text.vexDisplayVPrintf
                0x038071c4       0x50 C:\Program Files (x86)\VEX Robotics\VEXcode Pro V5\sdk/vexv5\libv5rt.a(v5_apijump.c.obj)
                0x038071c4                vexDisplayVPrintf
 .text.vexDisplayTextReference
                0x03807214       0x24 C:\Program Files (x86)\VEX Robotics\VEXcode Pro V5\sdk/vexv5\libv5rt.a(v5_apijump.c.obj)
                0x03807214                vexDisplayTextReference
 .text.vexDisplayTextSize
                0x03807238       0x2c C:\Program Files (x86)\VEX Robotics\VEXcode Pro V5\sdk/vexv5\libv5rt.a(v5_apijump.c.obj)
                0x03807238                vexDisplayTextSize
 .text.vexDisplayFontNamedSet
                0x03807264       0x24 C:\Program Files (x86)\VEX Robotics\VEXcode Pro V5\sdk/vexv5\libv5rt.a(v5_apijump.c.obj)
                0x03807264                vexDisplayFontNamedSet
 .text.vexDisplayStringWidthGet
                0x03807288       0x24 C:\Program Files (x86)\VEX Robotics\VEXcode Pro V5\sdk/vexv5\libv5rt.a(v5_apijump.c.obj)
                0x03807288                vexDisplayStringWidthGet
 .text.vexSystemStdlibImpureDataAddr
                0x038072ac       0x28 C:\Program Files (x86)\VEX Robotics\VEXcode Pro V5\sdk/vexv5\libv5rt.a(v5_apijump.c.obj)
                0x038072ac                vexSystemStdlibImpureDataAddr
 .text.vexSystemStdlibImpureDataSize
                0x038072d4       0x28 C:\Program Files (x86)\VEX Robotics\VEXcode Pro V5\sdk/vexv5\libv5rt.a(v5_apijump.c.obj)
                0x038072d4                vexSystemStdlibImpureDataSize
 .text.vexSystemSaveUserData
                0x038072fc       0x3c C:\Program Files (x86)\VEX Robotics\VEXcode Pro V5\sdk/vexv5\libv5rt.a(v5_apijump.c.obj)
                0x038072fc                vexSystemSaveUserData
 .text.vexDisplayThemeIdGet
                0x03807338       0x38 C:\Program Files (x86)\VEX Robotics\VEXcode Pro V5\sdk/vexv5\libv5rt.a(v5_apijump.c.obj)
                0x03807338                vexDisplayThemeIdGet
 .text.vexBatteryCapacityGet
                0x03807370       0x1c C:\Program Files (x86)\VEX Robotics\VEXcode Pro V5\sdk/vexv5\libv5rt.a(v5_apijump.c.obj)
                0x03807370                vexBatteryCapacityGet
 .text.vexDeviceEventMaskSet
                0x0380738c       0x48 C:\Program Files (x86)\VEX Robotics\VEXcode Pro V5\sdk/vexv5\libv5rt.a(v5_apijump.c.obj)
                0x0380738c                vexDeviceEventMaskSet
 .text.vexDeviceEventMaskGet
                0x038073d4       0x3c C:\Program Files (x86)\VEX Robotics\VEXcode Pro V5\sdk/vexv5\libv5rt.a(v5_apijump.c.obj)
                0x038073d4                vexDeviceEventMaskGet
 .text.vexSystemVersion
                0x03807410       0x10 C:\Program Files (x86)\VEX Robotics\VEXcode Pro V5\sdk/vexv5\libv5rt.a(v5_apiversions.c.obj)
                0x03807410                vexSystemVersion
 .text.vexStdlibVersion
                0x03807420       0x10 C:\Program Files (x86)\VEX Robotics\VEXcode Pro V5\sdk/vexv5\libv5rt.a(v5_apiversions.c.obj)
                0x03807420                vexStdlibVersion
 .text._ZN3vex4waitEdNS_9timeUnitsE
                0x03807430       0x30 C:\Program Files (x86)\VEX Robotics\VEXcode Pro V5\sdk/vexv5\libv5rt.a(vex_global.cpp.obj)
                0x03807430                vex::wait(double, vex::timeUnits)
 .text._ZN3vex6deviceD2Ev
                0x03807460        0x4 C:\Program Files (x86)\VEX Robotics\VEXcode Pro V5\sdk/vexv5\libv5rt.a(vex_device.cpp.obj)
                0x03807460                vex::device::~device()
                0x03807460                vex::device::~device()
 .text._ZN3vex6device5valueEv
                0x03807464        0x8 C:\Program Files (x86)\VEX Robotics\VEXcode Pro V5\sdk/vexv5\libv5rt.a(vex_device.cpp.obj)
                0x03807464                vex::device::value()
 .text._ZN3vex6deviceD0Ev
                0x0380746c       0x14 C:\Program Files (x86)\VEX Robotics\VEXcode Pro V5\sdk/vexv5\libv5rt.a(vex_device.cpp.obj)
                0x0380746c                vex::device::~device()
 .text._ZN3vex6device4initEl
                0x03807480       0x30 C:\Program Files (x86)\VEX Robotics\VEXcode Pro V5\sdk/vexv5\libv5rt.a(vex_device.cpp.obj)
                0x03807480                vex::device::init(long)
 .text._ZN3vex6deviceC2El
                0x038074b0       0x20 C:\Program Files (x86)\VEX Robotics\VEXcode Pro V5\sdk/vexv5\libv5rt.a(vex_device.cpp.obj)
                0x038074b0                vex::device::device(long)
                0x038074b0                vex::device::device(long)
 .text._ZN3vex6device4typeEv
                0x038074d0       0x10 C:\Program Files (x86)\VEX Robotics\VEXcode Pro V5\sdk/vexv5\libv5rt.a(vex_device.cpp.obj)
                0x038074d0                vex::device::type()
 .text._ZN3vex6device9installedEv
                0x038074e0       0x14 C:\Program Files (x86)\VEX Robotics\VEXcode Pro V5\sdk/vexv5\libv5rt.a(vex_device.cpp.obj)
                0x038074e0                vex::device::installed()
 .text._ZN3vex5motorD2Ev
                0x038074f4       0x20 C:\Program Files (x86)\VEX Robotics\VEXcode Pro V5\sdk/vexv5\libv5rt.a(vex_motor.cpp.obj)
                0x038074f4                vex::motor::~motor()
                0x038074f4                vex::motor::~motor()
 .text._ZN3vex5motorD0Ev
                0x03807514       0x1c C:\Program Files (x86)\VEX Robotics\VEXcode Pro V5\sdk/vexv5\libv5rt.a(vex_motor.cpp.obj)
                0x03807514                vex::motor::~motor()
 .text._ZN3vex5motor9installedEv
                0x03807530       0x18 C:\Program Files (x86)\VEX Robotics\VEXcode Pro V5\sdk/vexv5\libv5rt.a(vex_motor.cpp.obj)
                0x03807530                vex::motor::installed()
 .text._ZN3vex5motor15defaultStoppingENS_9brakeTypeE
                0x03807548       0x30 C:\Program Files (x86)\VEX Robotics\VEXcode Pro V5\sdk/vexv5\libv5rt.a(vex_motor.cpp.obj)
                0x03807548                vex::motor::defaultStopping(vex::brakeType)
 .text._ZN3vex5motorC2El
                0x03807578       0x78 C:\Program Files (x86)\VEX Robotics\VEXcode Pro V5\sdk/vexv5\libv5rt.a(vex_motor.cpp.obj)
                0x03807578                vex::motor::motor(long)
                0x03807578                vex::motor::motor(long)
 .text._ZN3vex5motorC2ElNS_11gearSettingEb
                0x038075f0       0x34 C:\Program Files (x86)\VEX Robotics\VEXcode Pro V5\sdk/vexv5\libv5rt.a(vex_motor.cpp.obj)
                0x038075f0                vex::motor::motor(long, vex::gearSetting, bool)
                0x038075f0                vex::motor::motor(long, vex::gearSetting, bool)
 *fill*         0x03807624        0x4 
 .text._ZN3vex5motor4spinENS_13directionTypeEdNS_12voltageUnitsE
                0x03807628       0x50 C:\Program Files (x86)\VEX Robotics\VEXcode Pro V5\sdk/vexv5\libv5rt.a(vex_motor.cpp.obj)
                0x03807628                vex::motor::spin(vex::directionType, double, vex::voltageUnits)
 .text._ZN3vex5motor4stopENS_9brakeTypeE
                0x03807678       0x30 C:\Program Files (x86)\VEX Robotics\VEXcode Pro V5\sdk/vexv5\libv5rt.a(vex_motor.cpp.obj)
                0x03807678                vex::motor::stop(vex::brakeType)
 .text._ZN3vex5motor11temperatureENS_16temperatureUnitsE
                0x038076a8       0x40 C:\Program Files (x86)\VEX Robotics\VEXcode Pro V5\sdk/vexv5\libv5rt.a(vex_motor.cpp.obj)
                0x038076a8                vex::motor::temperature(vex::temperatureUnits)
 .text._ZN3vex5motor16velocityToScaledEdNS_13velocityUnitsE
                0x038076e8       0x5c C:\Program Files (x86)\VEX Robotics\VEXcode Pro V5\sdk/vexv5\libv5rt.a(vex_motor.cpp.obj)
                0x038076e8                vex::motor::velocityToScaled(double, vex::velocityUnits)
 .text._ZN3vex5motor8velocityENS_13velocityUnitsE
                0x03807744       0x30 C:\Program Files (x86)\VEX Robotics\VEXcode Pro V5\sdk/vexv5\libv5rt.a(vex_motor.cpp.obj)
                0x03807744                vex::motor::velocity(vex::velocityUnits)
 .text._ZN3vex5motor5valueEv
                0x03807774       0x1c C:\Program Files (x86)\VEX Robotics\VEXcode Pro V5\sdk/vexv5\libv5rt.a(vex_motor.cpp.obj)
                0x03807774                vex::motor::value()
 .text._ZN3vex5motor16scaledToVelocityEdNS_13velocityUnitsE
                0x03807790       0xa4 C:\Program Files (x86)\VEX Robotics\VEXcode Pro V5\sdk/vexv5\libv5rt.a(vex_motor.cpp.obj)
                0x03807790                vex::motor::scaledToVelocity(double, vex::velocityUnits)
 .text._ZN3vex5motor4spinENS_13directionTypeEdNS_13velocityUnitsE
                0x03807834       0x5c C:\Program Files (x86)\VEX Robotics\VEXcode Pro V5\sdk/vexv5\libv5rt.a(vex_motor.cpp.obj)
                0x03807834                vex::motor::spin(vex::directionType, double, vex::velocityUnits)
 .text._ZN3vex5motor16setRotationUnitsENS_13rotationUnitsE
                0x03807890       0x1c C:\Program Files (x86)\VEX Robotics\VEXcode Pro V5\sdk/vexv5\libv5rt.a(vex_motor.cpp.obj)
                0x03807890                vex::motor::setRotationUnits(vex::rotationUnits)
 .text._ZN3vex5motor11setRotationEdNS_13rotationUnitsE
                0x038078ac       0x44 C:\Program Files (x86)\VEX Robotics\VEXcode Pro V5\sdk/vexv5\libv5rt.a(vex_motor.cpp.obj)
                0x038078ac                vex::motor::setRotation(double, vex::rotationUnits)
 .text._ZN3vex5motor13resetRotationEv
                0x038078f0       0x20 C:\Program Files (x86)\VEX Robotics\VEXcode Pro V5\sdk/vexv5\libv5rt.a(vex_motor.cpp.obj)
                0x038078f0                vex::motor::resetRotation()
 .text._ZN3vex8inertial10setHeadingEdNS_13rotationUnitsE
                0x03807910       0x60 C:\Program Files (x86)\VEX Robotics\VEXcode Pro V5\sdk/vexv5\libv5rt.a(vex_imu.cpp.obj)
                0x03807910                vex::inertial::setHeading(double, vex::rotationUnits)
 .text._ZThn16_N3vex8inertial10setHeadingEdNS_13rotationUnitsE
                0x03807970        0x8 C:\Program Files (x86)\VEX Robotics\VEXcode Pro V5\sdk/vexv5\libv5rt.a(vex_imu.cpp.obj)
                0x03807970                non-virtual thunk to vex::inertial::setHeading(double, vex::rotationUnits)
 .text._ZN3vex8inertial11setRotationEdNS_13rotationUnitsE
                0x03807978       0x60 C:\Program Files (x86)\VEX Robotics\VEXcode Pro V5\sdk/vexv5\libv5rt.a(vex_imu.cpp.obj)
                0x03807978                vex::inertial::setRotation(double, vex::rotationUnits)
 .text._ZThn16_N3vex8inertial11setRotationEdNS_13rotationUnitsE
                0x038079d8        0x8 C:\Program Files (x86)\VEX Robotics\VEXcode Pro V5\sdk/vexv5\libv5rt.a(vex_imu.cpp.obj)
                0x038079d8                non-virtual thunk to vex::inertial::setRotation(double, vex::rotationUnits)
 .text._ZN3vex8inertialD2Ev
                0x038079e0       0x20 C:\Program Files (x86)\VEX Robotics\VEXcode Pro V5\sdk/vexv5\libv5rt.a(vex_imu.cpp.obj)
                0x038079e0                vex::inertial::~inertial()
                0x038079e0                vex::inertial::~inertial()
 .text._ZThn16_N3vex8inertialD1Ev
                0x03807a00        0x8 C:\Program Files (x86)\VEX Robotics\VEXcode Pro V5\sdk/vexv5\libv5rt.a(vex_imu.cpp.obj)
                0x03807a00                non-virtual thunk to vex::inertial::~inertial()
 .text._ZN3vex8inertialD0Ev
                0x03807a08       0x1c C:\Program Files (x86)\VEX Robotics\VEXcode Pro V5\sdk/vexv5\libv5rt.a(vex_imu.cpp.obj)
                0x03807a08                vex::inertial::~inertial()
 .text._ZThn16_N3vex8inertialD0Ev
                0x03807a24        0x8 C:\Program Files (x86)\VEX Robotics\VEXcode Pro V5\sdk/vexv5\libv5rt.a(vex_imu.cpp.obj)
                0x03807a24                non-virtual thunk to vex::inertial::~inertial()
 .text._ZN3vex8inertial9installedEv
                0x03807a2c       0x18 C:\Program Files (x86)\VEX Robotics\VEXcode Pro V5\sdk/vexv5\libv5rt.a(vex_imu.cpp.obj)
                0x03807a2c                vex::inertial::installed()
 .text._ZN3vex8inertial5angleENS_13rotationUnitsE
                0x03807a44       0x60 C:\Program Files (x86)\VEX Robotics\VEXcode Pro V5\sdk/vexv5\libv5rt.a(vex_imu.cpp.obj)
                0x03807a44                vex::inertial::angle(vex::rotationUnits)
 .text._ZThn16_N3vex8inertial5angleENS_13rotationUnitsE
                0x03807aa4        0x8 C:\Program Files (x86)\VEX Robotics\VEXcode Pro V5\sdk/vexv5\libv5rt.a(vex_imu.cpp.obj)
                0x03807aa4                non-virtual thunk to vex::inertial::angle(vex::rotationUnits)
 .text._ZN3vex8inertial7headingENS_13rotationUnitsE
                0x03807aac        0x4 C:\Program Files (x86)\VEX Robotics\VEXcode Pro V5\sdk/vexv5\libv5rt.a(vex_imu.cpp.obj)
                0x03807aac                vex::inertial::heading(vex::rotationUnits)
 .text._ZThn16_N3vex8inertial7headingENS_13rotationUnitsE
                0x03807ab0        0x8 C:\Program Files (x86)\VEX Robotics\VEXcode Pro V5\sdk/vexv5\libv5rt.a(vex_imu.cpp.obj)
                0x03807ab0                non-virtual thunk to vex::inertial::heading(vex::rotationUnits)
 .text._ZN3vex8inertial5valueEv
                0x03807ab8       0x1c C:\Program Files (x86)\VEX Robotics\VEXcode Pro V5\sdk/vexv5\libv5rt.a(vex_imu.cpp.obj)
                0x03807ab8                vex::inertial::value()
 *fill*         0x03807ad4        0x4 
 .text._ZN3vex8inertial8rotationENS_13rotationUnitsE
                0x03807ad8       0x40 C:\Program Files (x86)\VEX Robotics\VEXcode Pro V5\sdk/vexv5\libv5rt.a(vex_imu.cpp.obj)
                0x03807ad8                vex::inertial::rotation(vex::rotationUnits)
 .text._ZThn16_N3vex8inertial8rotationENS_13rotationUnitsE
                0x03807b18        0x8 C:\Program Files (x86)\VEX Robotics\VEXcode Pro V5\sdk/vexv5\libv5rt.a(vex_imu.cpp.obj)
                0x03807b18                non-virtual thunk to vex::inertial::rotation(vex::rotationUnits)
 .text._ZN3vex8inertial13isCalibratingEv
                0x03807b20       0x38 C:\Program Files (x86)\VEX Robotics\VEXcode Pro V5\sdk/vexv5\libv5rt.a(vex_imu.cpp.obj)
                0x03807b20                vex::inertial::isCalibrating()
 .text._ZThn16_N3vex8inertial13isCalibratingEv
                0x03807b58        0x8 C:\Program Files (x86)\VEX Robotics\VEXcode Pro V5\sdk/vexv5\libv5rt.a(vex_imu.cpp.obj)
                0x03807b58                non-virtual thunk to vex::inertial::isCalibrating()
 .text._ZN3vex8inertialC2El
                0x03807b60       0x48 C:\Program Files (x86)\VEX Robotics\VEXcode Pro V5\sdk/vexv5\libv5rt.a(vex_imu.cpp.obj)
                0x03807b60                vex::inertial::inertial(long)
                0x03807b60                vex::inertial::inertial(long)
 .text._ZN3vex8inertial16startCalibrationEl
                0x03807ba8       0x20 C:\Program Files (x86)\VEX Robotics\VEXcode Pro V5\sdk/vexv5\libv5rt.a(vex_imu.cpp.obj)
                0x03807ba8                vex::inertial::startCalibration(long)
 .text._ZN3vex8inertial9calibrateEl
                0x03807bc8        0xc C:\Program Files (x86)\VEX Robotics\VEXcode Pro V5\sdk/vexv5\libv5rt.a(vex_imu.cpp.obj)
                0x03807bc8                vex::inertial::calibrate(long)
                0x03807bcc                non-virtual thunk to vex::inertial::calibrate(long)
 .text._ZN3vex8rotationD2Ev
                0x03807bd4       0x20 C:\Program Files (x86)\VEX Robotics\VEXcode Pro V5\sdk/vexv5\libv5rt.a(vex_rotation.cpp.obj)
                0x03807bd4                vex::rotation::~rotation()
                0x03807bd4                vex::rotation::~rotation()
 .text._ZN3vex8rotationD0Ev
                0x03807bf4       0x1c C:\Program Files (x86)\VEX Robotics\VEXcode Pro V5\sdk/vexv5\libv5rt.a(vex_rotation.cpp.obj)
                0x03807bf4                vex::rotation::~rotation()
 .text._ZN3vex8rotation9installedEv
                0x03807c10       0x18 C:\Program Files (x86)\VEX Robotics\VEXcode Pro V5\sdk/vexv5\libv5rt.a(vex_rotation.cpp.obj)
                0x03807c10                vex::rotation::installed()
 .text._ZN3vex8rotation5valueEv
                0x03807c28        0x8 C:\Program Files (x86)\VEX Robotics\VEXcode Pro V5\sdk/vexv5\libv5rt.a(vex_rotation.cpp.obj)
                0x03807c28                vex::rotation::value()
 .text._ZN3vex8rotationC2Elb
                0x03807c30       0x30 C:\Program Files (x86)\VEX Robotics\VEXcode Pro V5\sdk/vexv5\libv5rt.a(vex_rotation.cpp.obj)
                0x03807c30                vex::rotation::rotation(long, bool)
                0x03807c30                vex::rotation::rotation(long, bool)
 .text._ZN3vex8rotation13resetPositionEv
                0x03807c60        0xc C:\Program Files (x86)\VEX Robotics\VEXcode Pro V5\sdk/vexv5\libv5rt.a(vex_rotation.cpp.obj)
                0x03807c60                vex::rotation::resetPosition()
 *fill*         0x03807c6c        0x4 
 .text._ZN3vex8rotation8positionENS_13rotationUnitsE
                0x03807c70       0x50 C:\Program Files (x86)\VEX Robotics\VEXcode Pro V5\sdk/vexv5\libv5rt.a(vex_rotation.cpp.obj)
                0x03807c70                vex::rotation::position(vex::rotationUnits)
 .text._ZN3vex10controllerD2Ev
                0x03807cc0        0x4 C:\Program Files (x86)\VEX Robotics\VEXcode Pro V5\sdk/vexv5\libv5rt.a(vex_controller.cpp.obj)
                0x03807cc0                vex::controller::~controller()
                0x03807cc0                vex::controller::~controller()
 .text._ZN3vex10controller5valueE19_V5_ControllerIndex
                0x03807cc4        0x8 C:\Program Files (x86)\VEX Robotics\VEXcode Pro V5\sdk/vexv5\libv5rt.a(vex_controller.cpp.obj)
                0x03807cc4                vex::controller::value(_V5_ControllerIndex)
 .text._ZN3vex10controller6button8pressingEv
                0x03807ccc       0xc8 C:\Program Files (x86)\VEX Robotics\VEXcode Pro V5\sdk/vexv5\libv5rt.a(vex_controller.cpp.obj)
                0x03807ccc                vex::controller::button::pressing()
 .text._ZN3vex10controller6button7pressedEPFvvE
                0x03807d94      0x108 C:\Program Files (x86)\VEX Robotics\VEXcode Pro V5\sdk/vexv5\libv5rt.a(vex_controller.cpp.obj)
                0x03807d94                vex::controller::button::pressed(void (*)())
 .text._ZN3vex10controller6button8releasedEPFvvE
                0x03807e9c      0x108 C:\Program Files (x86)\VEX Robotics\VEXcode Pro V5\sdk/vexv5\libv5rt.a(vex_controller.cpp.obj)
                0x03807e9c                vex::controller::button::released(void (*)())
 .text._ZN3vex10controller6button21_buttonToPressedEventEv
                0x03807fa4       0x20 C:\Program Files (x86)\VEX Robotics\VEXcode Pro V5\sdk/vexv5\libv5rt.a(vex_controller.cpp.obj)
                0x03807fa4                vex::controller::button::_buttonToPressedEvent()
 .text._ZN3vex10controller6button22_buttonToReleasedEventEv
                0x03807fc4       0x20 C:\Program Files (x86)\VEX Robotics\VEXcode Pro V5\sdk/vexv5\libv5rt.a(vex_controller.cpp.obj)
                0x03807fc4                vex::controller::button::_buttonToReleasedEvent()
 .text._ZN3vex10controller6buttonC2ENS0_11tButtonTypeEPS0_
                0x03807fe4       0x48 C:\Program Files (x86)\VEX Robotics\VEXcode Pro V5\sdk/vexv5\libv5rt.a(vex_controller.cpp.obj)
                0x03807fe4                vex::controller::button::button(vex::controller::tButtonType, vex::controller*)
                0x03807fe4                vex::controller::button::button(vex::controller::tButtonType, vex::controller*)
 .text._ZN3vex10controller4axis5valueEv
                0x0380802c       0x58 C:\Program Files (x86)\VEX Robotics\VEXcode Pro V5\sdk/vexv5\libv5rt.a(vex_controller.cpp.obj)
                0x0380802c                vex::controller::axis::value()
 .text._ZN3vex10controller4axis23_joystickToChangedEventEv
                0x03808084       0x20 C:\Program Files (x86)\VEX Robotics\VEXcode Pro V5\sdk/vexv5\libv5rt.a(vex_controller.cpp.obj)
                0x03808084                vex::controller::axis::_joystickToChangedEvent()
 .text._ZN3vex10controller4axisC2ENS0_9tAxisTypeEPS0_
                0x038080a4       0x2c C:\Program Files (x86)\VEX Robotics\VEXcode Pro V5\sdk/vexv5\libv5rt.a(vex_controller.cpp.obj)
                0x038080a4                vex::controller::axis::axis(vex::controller::tAxisType, vex::controller*)
                0x038080a4                vex::controller::axis::axis(vex::controller::tAxisType, vex::controller*)
 .text._ZN3vex10controllerC2ENS_14controllerTypeE
                0x038080d0      0x204 C:\Program Files (x86)\VEX Robotics\VEXcode Pro V5\sdk/vexv5\libv5rt.a(vex_controller.cpp.obj)
                0x038080d0                vex::controller::controller(vex::controllerType)
                0x038080d0                vex::controller::controller(vex::controllerType)
 .text._ZN3vex10controller3lcd15getControllerIdEv
                0x038082d4       0x10 C:\Program Files (x86)\VEX Robotics\VEXcode Pro V5\sdk/vexv5\libv5rt.a(vex_controller.cpp.obj)
                0x038082d4                vex::controller::lcd::getControllerId()
 .text._ZN3vex10controller3lcd9setCursorEll
                0x038082e4       0x40 C:\Program Files (x86)\VEX Robotics\VEXcode Pro V5\sdk/vexv5\libv5rt.a(vex_controller.cpp.obj)
                0x038082e4                vex::controller::lcd::setCursor(long, long)
 .text._ZN3vex10controller3lcd5printEPKcz
                0x03808324       0x80 C:\Program Files (x86)\VEX Robotics\VEXcode Pro V5\sdk/vexv5\libv5rt.a(vex_controller.cpp.obj)
                0x03808324                vex::controller::lcd::print(char const*, ...)
 .text._ZN3vex10controller3lcd9clearLineEi
                0x038083a4       0x80 C:\Program Files (x86)\VEX Robotics\VEXcode Pro V5\sdk/vexv5\libv5rt.a(vex_controller.cpp.obj)
                0x038083a4                vex::controller::lcd::clearLine(int)
 .text._ZN3vex10controller3lcd11clearScreenEv
                0x03808424       0x5c C:\Program Files (x86)\VEX Robotics\VEXcode Pro V5\sdk/vexv5\libv5rt.a(vex_controller.cpp.obj)
                0x03808424                vex::controller::lcd::clearScreen()
 .text._ZN3vex10controller3lcd7newLineEv
                0x03808480       0x20 C:\Program Files (x86)\VEX Robotics\VEXcode Pro V5\sdk/vexv5\libv5rt.a(vex_controller.cpp.obj)
                0x03808480                vex::controller::lcd::newLine()
 .text._ZN3vex6threadC2EPFivE
                0x038084a0       0x5c C:\Program Files (x86)\VEX Robotics\VEXcode Pro V5\sdk/vexv5\libv5rt.a(vex_thread.cpp.obj)
                0x038084a0                vex::thread::thread(int (*)())
                0x038084a0                vex::thread::thread(int (*)())
 .text._ZN3vex6threadD2Ev
                0x038084fc        0x4 C:\Program Files (x86)\VEX Robotics\VEXcode Pro V5\sdk/vexv5\libv5rt.a(vex_thread.cpp.obj)
                0x038084fc                vex::thread::~thread()
                0x038084fc                vex::thread::~thread()
 .text._ZN3vex6thread4joinEv
                0x03808500        0x8 C:\Program Files (x86)\VEX Robotics\VEXcode Pro V5\sdk/vexv5\libv5rt.a(vex_thread.cpp.obj)
                0x03808500                vex::thread::join()
 .text._ZN3vex11this_thread9sleep_forEm
                0x03808508        0x4 C:\Program Files (x86)\VEX Robotics\VEXcode Pro V5\sdk/vexv5\libv5rt.a(vex_thread.cpp.obj)
                0x03808508                vex::this_thread::sleep_for(unsigned long)
 .text._ZN3vex5event4initEmmPFvvE
                0x0380850c        0x4 C:\Program Files (x86)\VEX Robotics\VEXcode Pro V5\sdk/vexv5\libv5rt.a(vex_event.cpp.obj)
                0x0380850c                vex::event::init(unsigned long, unsigned long, void (*)())
 .text._ZN3vex5event4initEmmPFvPvES1_
                0x03808510        0x4 C:\Program Files (x86)\VEX Robotics\VEXcode Pro V5\sdk/vexv5\libv5rt.a(vex_event.cpp.obj)
                0x03808510                vex::event::init(unsigned long, unsigned long, void (*)(void*), void*)
 .text._ZN3vex5event9userindexEv
                0x03808514        0x4 C:\Program Files (x86)\VEX Robotics\VEXcode Pro V5\sdk/vexv5\libv5rt.a(vex_event.cpp.obj)
                0x03808514                vex::event::userindex()
 .text._ZZN3vex6meventC4EmmENUlvE_4_FUNEv
                0x03808518        0x4 C:\Program Files (x86)\VEX Robotics\VEXcode Pro V5\sdk/vexv5\libv5rt.a(vex_mevent.cpp.obj)
 .text._ZN3vex6meventC2Emm
                0x0380851c       0x70 C:\Program Files (x86)\VEX Robotics\VEXcode Pro V5\sdk/vexv5\libv5rt.a(vex_mevent.cpp.obj)
                0x0380851c                vex::mevent::mevent(unsigned long, unsigned long)
                0x0380851c                vex::mevent::mevent(unsigned long, unsigned long)
 .text._ZN3vex5brain9_getIndexEv
                0x0380858c       0x10 C:\Program Files (x86)\VEX Robotics\VEXcode Pro V5\sdk/vexv5\libv5rt.a(vex_brain.cpp.obj)
                0x0380858c                vex::brain::_getIndex()
 .text._ZN3vex5brain3lcd9setCursorEll
                0x0380859c       0x44 C:\Program Files (x86)\VEX Robotics\VEXcode Pro V5\sdk/vexv5\libv5rt.a(vex_brain.cpp.obj)
                0x0380859c                vex::brain::lcd::setCursor(long, long)
 .text._ZN3vex5brain3lcd7setFontENS_8fontTypeE
                0x038085e0      0x23c C:\Program Files (x86)\VEX Robotics\VEXcode Pro V5\sdk/vexv5\libv5rt.a(vex_brain.cpp.obj)
                0x038085e0                vex::brain::lcd::setFont(vex::fontType)
 .text._ZN3vex5brain3lcdC2Ev
                0x0380881c       0x94 C:\Program Files (x86)\VEX Robotics\VEXcode Pro V5\sdk/vexv5\libv5rt.a(vex_brain.cpp.obj)
                0x0380881c                vex::brain::lcd::lcd()
                0x0380881c                vex::brain::lcd::lcd()
 .text._ZN3vex5brainC2Ev
                0x038088b0       0x38 C:\Program Files (x86)\VEX Robotics\VEXcode Pro V5\sdk/vexv5\libv5rt.a(vex_brain.cpp.obj)
                0x038088b0                vex::brain::brain()
                0x038088b0                vex::brain::brain()
 .text._ZN3vex5brain3lcd12_clearScreenEm
                0x038088e8       0x38 C:\Program Files (x86)\VEX Robotics\VEXcode Pro V5\sdk/vexv5\libv5rt.a(vex_brain.cpp.obj)
                0x038088e8                vex::brain::lcd::_clearScreen(unsigned long)
 .text._ZN3vex5brain3lcd11clearScreenERKNS_5colorE
                0x03808920       0x20 C:\Program Files (x86)\VEX Robotics\VEXcode Pro V5\sdk/vexv5\libv5rt.a(vex_brain.cpp.obj)
                0x03808920                vex::brain::lcd::clearScreen(vex::color const&)
 .text._ZN3vex5brain3lcd11clearScreenEv
                0x03808940       0x2c C:\Program Files (x86)\VEX Robotics\VEXcode Pro V5\sdk/vexv5\libv5rt.a(vex_brain.cpp.obj)
                0x03808940                vex::brain::lcd::clearScreen()
 .text._ZN3vex5brain3lcd10rowToPixelEl
                0x0380896c       0x34 C:\Program Files (x86)\VEX Robotics\VEXcode Pro V5\sdk/vexv5\libv5rt.a(vex_brain.cpp.obj)
                0x0380896c                vex::brain::lcd::rowToPixel(long)
 .text._ZN3vex5brain3lcd5printEPKcz
                0x038089a0       0xb8 C:\Program Files (x86)\VEX Robotics\VEXcode Pro V5\sdk/vexv5\libv5rt.a(vex_brain.cpp.obj)
                0x038089a0                vex::brain::lcd::print(char const*, ...)
 .text._ZN3vex5brain7battery8capacityENS_12percentUnitsE
                0x03808a58       0x18 C:\Program Files (x86)\VEX Robotics\VEXcode Pro V5\sdk/vexv5\libv5rt.a(vex_brain.cpp.obj)
                0x03808a58                vex::brain::battery::capacity(vex::percentUnits)
 .text._ZN3vex5brainD2Ev
                0x03808a70       0x20 C:\Program Files (x86)\VEX Robotics\VEXcode Pro V5\sdk/vexv5\libv5rt.a(vex_brain.cpp.obj)
                0x03808a70                vex::brain::~brain()
                0x03808a70                vex::brain::~brain()
 .text._ZN3vex11competition11_autonomousEv
                0x03808a90       0x90 C:\Program Files (x86)\VEX Robotics\VEXcode Pro V5\sdk/vexv5\libv5rt.a(vex_competition.cpp.obj)
                0x03808a90                vex::competition::_autonomous()
 .text._ZN3vex11competition14_drivercontrolEv
                0x03808b20       0x90 C:\Program Files (x86)\VEX Robotics\VEXcode Pro V5\sdk/vexv5\libv5rt.a(vex_competition.cpp.obj)
                0x03808b20                vex::competition::_drivercontrol()
 .text._ZN3vex11competition8_disableEPv
                0x03808bb0       0xc8 C:\Program Files (x86)\VEX Robotics\VEXcode Pro V5\sdk/vexv5\libv5rt.a(vex_competition.cpp.obj)
                0x03808bb0                vex::competition::_disable(void*)
 .text._ZN3vex11competitionC2Ev
                0x03808c78      0x13c C:\Program Files (x86)\VEX Robotics\VEXcode Pro V5\sdk/vexv5\libv5rt.a(vex_competition.cpp.obj)
                0x03808c78                vex::competition::competition()
                0x03808c78                vex::competition::competition()
 .text._ZN3vex11competitionD2Ev
                0x03808db4        0x4 C:\Program Files (x86)\VEX Robotics\VEXcode Pro V5\sdk/vexv5\libv5rt.a(vex_competition.cpp.obj)
                0x03808db4                vex::competition::~competition()
                0x03808db4                vex::competition::~competition()
 .text._ZN3vex11competition10autonomousEPFvvE
                0x03808db8       0x44 C:\Program Files (x86)\VEX Robotics\VEXcode Pro V5\sdk/vexv5\libv5rt.a(vex_competition.cpp.obj)
                0x03808db8                vex::competition::autonomous(void (*)())
 .text._ZN3vex11competition13drivercontrolEPFvvE
                0x03808dfc       0x44 C:\Program Files (x86)\VEX Robotics\VEXcode Pro V5\sdk/vexv5\libv5rt.a(vex_competition.cpp.obj)
                0x03808dfc                vex::competition::drivercontrol(void (*)())
 .text._ZN3vex7triportD2Ev
                0x03808e40       0x38 C:\Program Files (x86)\VEX Robotics\VEXcode Pro V5\sdk/vexv5\libv5rt.a(vex_triport.cpp.obj)
                0x03808e40                vex::triport::~triport()
                0x03808e40                vex::triport::~triport()
 .text._ZN3vex7triportD0Ev
                0x03808e78       0x1c C:\Program Files (x86)\VEX Robotics\VEXcode Pro V5\sdk/vexv5\libv5rt.a(vex_triport.cpp.obj)
                0x03808e78                vex::triport::~triport()
 .text._ZN3vex7triport9installedEv
                0x03808e94       0x18 C:\Program Files (x86)\VEX Robotics\VEXcode Pro V5\sdk/vexv5\libv5rt.a(vex_triport.cpp.obj)
                0x03808e94                vex::triport::installed()
 .text._ZN3vex7triport4portC2ElPS0_
                0x03808eac       0x74 C:\Program Files (x86)\VEX Robotics\VEXcode Pro V5\sdk/vexv5\libv5rt.a(vex_triport.cpp.obj)
                0x03808eac                vex::triport::port::port(long, vex::triport*)
                0x03808eac                vex::triport::port::port(long, vex::triport*)
 .text._ZN3vex7triportC2El
                0x03808f20       0xf0 C:\Program Files (x86)\VEX Robotics\VEXcode Pro V5\sdk/vexv5\libv5rt.a(vex_triport.cpp.obj)
                0x03808f20                vex::triport::triport(long)
                0x03808f20                vex::triport::triport(long)
 .text._ZN3vex7triport4port4typeENS_11triportTypeE
                0x03809010       0x30 C:\Program Files (x86)\VEX Robotics\VEXcode Pro V5\sdk/vexv5\libv5rt.a(vex_triport.cpp.obj)
                0x03809010                vex::triport::port::type(vex::triportType)
 .text._ZN3vex7triport4port4typeEv
                0x03809040       0x38 C:\Program Files (x86)\VEX Robotics\VEXcode Pro V5\sdk/vexv5\libv5rt.a(vex_triport.cpp.obj)
                0x03809040                vex::triport::port::type()
 .text._ZN3vex7triport4port5valueEv
                0x03809078       0x14 C:\Program Files (x86)\VEX Robotics\VEXcode Pro V5\sdk/vexv5\libv5rt.a(vex_triport.cpp.obj)
                0x03809078                vex::triport::port::value()
 .text._ZN3vex11__trideviceC2ERNS_7triport4portENS_11triportTypeE
                0x0380908c       0x5c C:\Program Files (x86)\VEX Robotics\VEXcode Pro V5\sdk/vexv5\libv5rt.a(vex_triport.cpp.obj)
                0x0380908c                vex::__tridevice::__tridevice(vex::triport::port&, vex::triportType)
                0x0380908c                vex::__tridevice::__tridevice(vex::triport::port&, vex::triportType)
 .text._ZN3vex5limitC2ERNS_7triport4portE
                0x038090e8       0x28 C:\Program Files (x86)\VEX Robotics\VEXcode Pro V5\sdk/vexv5\libv5rt.a(vex_triport.cpp.obj)
                0x038090e8                vex::limit::limit(vex::triport::port&)
                0x038090e8                vex::limit::limit(vex::triport::port&)
 .text._ZN3vex5limitD2Ev
                0x03809110        0x4 C:\Program Files (x86)\VEX Robotics\VEXcode Pro V5\sdk/vexv5\libv5rt.a(vex_triport.cpp.obj)
                0x03809110                vex::limit::~limit()
                0x03809110                vex::limit::~limit()
 .text._ZN3vex5limit5valueEv
                0x03809114        0x8 C:\Program Files (x86)\VEX Robotics\VEXcode Pro V5\sdk/vexv5\libv5rt.a(vex_triport.cpp.obj)
                0x03809114                vex::limit::value()
 .text._ZN3vex4lineC2ERNS_7triport4portE
                0x0380911c       0x20 C:\Program Files (x86)\VEX Robotics\VEXcode Pro V5\sdk/vexv5\libv5rt.a(vex_triport.cpp.obj)
                0x0380911c                vex::line::line(vex::triport::port&)
                0x0380911c                vex::line::line(vex::triport::port&)
 .text._ZN3vex4lineD2Ev
                0x0380913c        0x4 C:\Program Files (x86)\VEX Robotics\VEXcode Pro V5\sdk/vexv5\libv5rt.a(vex_triport.cpp.obj)
                0x0380913c                vex::line::~line()
                0x0380913c                vex::line::~line()
 .text.startup._GLOBAL__sub_I__ZN3vex7triportC2El
                0x03809140       0x30 C:\Program Files (x86)\VEX Robotics\VEXcode Pro V5\sdk/vexv5\libv5rt.a(vex_triport.cpp.obj)
 .text._ZN3vex5colorD2Ev
                0x03809170        0x4 C:\Program Files (x86)\VEX Robotics\VEXcode Pro V5\sdk/vexv5\libv5rt.a(vex_color.cpp.obj)
                0x03809170                vex::color::~color()
                0x03809170                vex::color::~color()
 .text._ZNK3vex5colorcvmEv
                0x03809174        0x8 C:\Program Files (x86)\VEX Robotics\VEXcode Pro V5\sdk/vexv5\libv5rt.a(vex_color.cpp.obj)
                0x03809174                vex::color::operator unsigned long() const
 .text.startup._GLOBAL__sub_I__ZN3vex5color5blackE
                0x0380917c      0x164 C:\Program Files (x86)\VEX Robotics\VEXcode Pro V5\sdk/vexv5\libv5rt.a(vex_color.cpp.obj)
 .text._ZN3vex5timerD2Ev
                0x038092e0        0x4 C:\Program Files (x86)\VEX Robotics\VEXcode Pro V5\sdk/vexv5\libv5rt.a(vex_timer.cpp.obj)
                0x038092e0                vex::timer::~timer()
                0x038092e0                vex::timer::~timer()
 .text._ZN3vex5timer5clearEv
                0x038092e4       0x1c C:\Program Files (x86)\VEX Robotics\VEXcode Pro V5\sdk/vexv5\libv5rt.a(vex_timer.cpp.obj)
                0x038092e4                vex::timer::clear()
 .text._ZN3vex5timerC2Ev
                0x03809300       0x14 C:\Program Files (x86)\VEX Robotics\VEXcode Pro V5\sdk/vexv5\libv5rt.a(vex_timer.cpp.obj)
                0x03809300                vex::timer::timer()
                0x03809300                vex::timer::timer()
 .text.vexAdiPortConfigSet
                0x03809314       0x28 C:\Program Files (x86)\VEX Robotics\VEXcode Pro V5\sdk/vexv5\libv5rt.a(v5_apiuser.c.obj)
                0x03809314                vexAdiPortConfigSet
 .text.vexAdiPortConfigGet
                0x0380933c       0x28 C:\Program Files (x86)\VEX Robotics\VEXcode Pro V5\sdk/vexv5\libv5rt.a(v5_apiuser.c.obj)
                0x0380933c                vexAdiPortConfigGet
 .text.vexAdiValueGet
                0x03809364       0x20 C:\Program Files (x86)\VEX Robotics\VEXcode Pro V5\sdk/vexv5\libv5rt.a(v5_apiuser.c.obj)
                0x03809364                vexAdiValueGet
 .text.vexMotorVelocitySet
                0x03809384       0x20 C:\Program Files (x86)\VEX Robotics\VEXcode Pro V5\sdk/vexv5\libv5rt.a(v5_apiuser.c.obj)
                0x03809384                vexMotorVelocitySet
 .text.vexMotorVoltageSet
                0x038093a4       0x20 C:\Program Files (x86)\VEX Robotics\VEXcode Pro V5\sdk/vexv5\libv5rt.a(v5_apiuser.c.obj)
                0x038093a4                vexMotorVoltageSet
 .text.vexMotorActualVelocityGet
                0x038093c4       0x24 C:\Program Files (x86)\VEX Robotics\VEXcode Pro V5\sdk/vexv5\libv5rt.a(v5_apiuser.c.obj)
                0x038093c4                vexMotorActualVelocityGet
 .text.vexMotorTemperatureGet
                0x038093e8       0x24 C:\Program Files (x86)\VEX Robotics\VEXcode Pro V5\sdk/vexv5\libv5rt.a(v5_apiuser.c.obj)
                0x038093e8                vexMotorTemperatureGet
 .text.vexMotorReverseFlagSet
                0x0380940c       0x20 C:\Program Files (x86)\VEX Robotics\VEXcode Pro V5\sdk/vexv5\libv5rt.a(v5_apiuser.c.obj)
                0x0380940c                vexMotorReverseFlagSet
 .text.vexMotorEncoderUnitsSet
                0x0380942c       0x20 C:\Program Files (x86)\VEX Robotics\VEXcode Pro V5\sdk/vexv5\libv5rt.a(v5_apiuser.c.obj)
                0x0380942c                vexMotorEncoderUnitsSet
 .text.vexMotorBrakeModeSet
                0x0380944c       0x20 C:\Program Files (x86)\VEX Robotics\VEXcode Pro V5\sdk/vexv5\libv5rt.a(v5_apiuser.c.obj)
                0x0380944c                vexMotorBrakeModeSet
 .text.vexMotorPositionSet
                0x0380946c       0x28 C:\Program Files (x86)\VEX Robotics\VEXcode Pro V5\sdk/vexv5\libv5rt.a(v5_apiuser.c.obj)
                0x0380946c                vexMotorPositionSet
 .text.vexMotorGearingSet
                0x03809494       0x20 C:\Program Files (x86)\VEX Robotics\VEXcode Pro V5\sdk/vexv5\libv5rt.a(v5_apiuser.c.obj)
                0x03809494                vexMotorGearingSet
 .text.vexMotorGearingGet
                0x038094b4       0x18 C:\Program Files (x86)\VEX Robotics\VEXcode Pro V5\sdk/vexv5\libv5rt.a(v5_apiuser.c.obj)
                0x038094b4                vexMotorGearingGet
 .text.vexImuReset
                0x038094cc       0x10 C:\Program Files (x86)\VEX Robotics\VEXcode Pro V5\sdk/vexv5\libv5rt.a(v5_apiuser.c.obj)
                0x038094cc                vexImuReset
 .text.vexImuHeadingGet
                0x038094dc       0x10 C:\Program Files (x86)\VEX Robotics\VEXcode Pro V5\sdk/vexv5\libv5rt.a(v5_apiuser.c.obj)
                0x038094dc                vexImuHeadingGet
 .text.vexImuDegreesGet
                0x038094ec       0x10 C:\Program Files (x86)\VEX Robotics\VEXcode Pro V5\sdk/vexv5\libv5rt.a(v5_apiuser.c.obj)
                0x038094ec                vexImuDegreesGet
 .text.vexImuStatusGet
                0x038094fc       0x10 C:\Program Files (x86)\VEX Robotics\VEXcode Pro V5\sdk/vexv5\libv5rt.a(v5_apiuser.c.obj)
                0x038094fc                vexImuStatusGet
 .text.vexAbsEncPositionSet
                0x0380950c       0x18 C:\Program Files (x86)\VEX Robotics\VEXcode Pro V5\sdk/vexv5\libv5rt.a(v5_apiuser.c.obj)
                0x0380950c                vexAbsEncPositionSet
 .text.vexAbsEncPositionGet
                0x03809524       0x10 C:\Program Files (x86)\VEX Robotics\VEXcode Pro V5\sdk/vexv5\libv5rt.a(v5_apiuser.c.obj)
                0x03809524                vexAbsEncPositionGet
 .text.vexAbsEncAngleGet
                0x03809534       0x10 C:\Program Files (x86)\VEX Robotics\VEXcode Pro V5\sdk/vexv5\libv5rt.a(v5_apiuser.c.obj)
                0x03809534                vexAbsEncAngleGet
 .text.vexAbsEncReverseFlagSet
                0x03809544       0x18 C:\Program Files (x86)\VEX Robotics\VEXcode Pro V5\sdk/vexv5\libv5rt.a(v5_apiuser.c.obj)
                0x03809544                vexAbsEncReverseFlagSet
 .text.vexEventMaskSet
                0x0380955c       0x28 C:\Program Files (x86)\VEX Robotics\VEXcode Pro V5\sdk/vexv5\libv5rt.a(v5_apiuser.c.obj)
                0x0380955c                vexEventMaskSet
 .text.vexEventMaskGet
                0x03809584       0x18 C:\Program Files (x86)\VEX Robotics\VEXcode Pro V5\sdk/vexv5\libv5rt.a(v5_apiuser.c.obj)
                0x03809584                vexEventMaskGet
 .text._ZN3vex4taskC2EPFivE
                0x0380959c       0x5c C:\Program Files (x86)\VEX Robotics\VEXcode Pro V5\sdk/vexv5\libv5rt.a(vex_task.cpp.obj)
                0x0380959c                vex::task::task(int (*)())
                0x0380959c                vex::task::task(int (*)())
 .text._ZN3vex4taskD2Ev
                0x038095f8        0x4 C:\Program Files (x86)\VEX Robotics\VEXcode Pro V5\sdk/vexv5\libv5rt.a(vex_task.cpp.obj)
                0x038095f8                vex::task::~task()
                0x038095f8                vex::task::~task()
 .text._ZN3vex4task4stopERKS0_
                0x038095fc       0x18 C:\Program Files (x86)\VEX Robotics\VEXcode Pro V5\sdk/vexv5\libv5rt.a(vex_task.cpp.obj)
                0x038095fc                vex::task::stop(vex::task const&)
 .text._ZN3vex4task6_indexEPFivE
                0x03809614       0x14 C:\Program Files (x86)\VEX Robotics\VEXcode Pro V5\sdk/vexv5\libv5rt.a(vex_task.cpp.obj)
                0x03809614                vex::task::_index(int (*)())
 .text._ZN3vex4task8_stopAllEv
                0x03809628       0x3c C:\Program Files (x86)\VEX Robotics\VEXcode Pro V5\sdk/vexv5\libv5rt.a(vex_task.cpp.obj)
                0x03809628                vex::task::_stopAll()
 .text._ZNK10__cxxabiv117__class_type_info11__do_upcastEPKS0_PPv
                0x03809664       0x38 C:\Program Files (x86)\VEX Robotics\VEXcode Pro V5\sdk/vexv5/gcc/libs\libstdc++.a(class_type_info.o)
                0x03809664                __cxxabiv1::__class_type_info::__do_upcast(__cxxabiv1::__class_type_info const*, void**) const
 .text._ZNK10__cxxabiv117__class_type_info20__do_find_public_srcEiPKvPKS0_S2_
                0x0380969c        0xc C:\Program Files (x86)\VEX Robotics\VEXcode Pro V5\sdk/vexv5/gcc/libs\libstdc++.a(class_type_info.o)
                0x0380969c                __cxxabiv1::__class_type_info::__do_find_public_src(int, void const*, __cxxabiv1::__class_type_info const*, void const*) const
 .text._ZN10__cxxabiv117__class_type_infoD2Ev
                0x038096a8       0x14 C:\Program Files (x86)\VEX Robotics\VEXcode Pro V5\sdk/vexv5/gcc/libs\libstdc++.a(class_type_info.o)
                0x038096a8                __cxxabiv1::__class_type_info::~__class_type_info()
                0x038096a8                __cxxabiv1::__class_type_info::~__class_type_info()
 .text._ZN10__cxxabiv117__class_type_infoD0Ev
                0x038096bc       0x1c C:\Program Files (x86)\VEX Robotics\VEXcode Pro V5\sdk/vexv5/gcc/libs\libstdc++.a(class_type_info.o)
                0x038096bc                __cxxabiv1::__class_type_info::~__class_type_info()
 .text._ZNK10__cxxabiv117__class_type_info11__do_upcastEPKS0_PKvRNS0_15__upcast_resultE
                0x038096d8       0x18 C:\Program Files (x86)\VEX Robotics\VEXcode Pro V5\sdk/vexv5/gcc/libs\libstdc++.a(class_type_info.o)
                0x038096d8                __cxxabiv1::__class_type_info::__do_upcast(__cxxabiv1::__class_type_info const*, void const*, __cxxabiv1::__class_type_info::__upcast_result&) const
 .text._ZNK10__cxxabiv117__class_type_info10__do_catchEPKSt9type_infoPPvj
                0x038096f0       0x2c C:\Program Files (x86)\VEX Robotics\VEXcode Pro V5\sdk/vexv5/gcc/libs\libstdc++.a(class_type_info.o)
                0x038096f0                __cxxabiv1::__class_type_info::__do_catch(std::type_info const*, void**, unsigned int) const
 .text._ZNK10__cxxabiv117__class_type_info12__do_dyncastEiNS0_10__sub_kindEPKS0_PKvS3_S5_RNS0_16__dyncast_resultE
                0x0380971c       0x40 C:\Program Files (x86)\VEX Robotics\VEXcode Pro V5\sdk/vexv5/gcc/libs\libstdc++.a(class_type_info.o)
                0x0380971c                __cxxabiv1::__class_type_info::__do_dyncast(int, __cxxabiv1::__class_type_info::__sub_kind, __cxxabiv1::__class_type_info const*, void const*, __cxxabiv1::__class_type_info const*, void const*, __cxxabiv1::__class_type_info::__dyncast_result&) const
 .text._ZN10__cxxabiv120__si_class_type_infoD2Ev
                0x0380975c       0x14 C:\Program Files (x86)\VEX Robotics\VEXcode Pro V5\sdk/vexv5/gcc/libs\libstdc++.a(si_class_type_info.o)
                0x0380975c                __cxxabiv1::__si_class_type_info::~__si_class_type_info()
                0x0380975c                __cxxabiv1::__si_class_type_info::~__si_class_type_info()
 .text._ZN10__cxxabiv120__si_class_type_infoD0Ev
                0x03809770       0x1c C:\Program Files (x86)\VEX Robotics\VEXcode Pro V5\sdk/vexv5/gcc/libs\libstdc++.a(si_class_type_info.o)
                0x03809770                __cxxabiv1::__si_class_type_info::~__si_class_type_info()
 .text._ZNK10__cxxabiv120__si_class_type_info20__do_find_public_srcEiPKvPKNS_17__class_type_infoES2_
                0x0380978c       0x3c C:\Program Files (x86)\VEX Robotics\VEXcode Pro V5\sdk/vexv5/gcc/libs\libstdc++.a(si_class_type_info.o)
                0x0380978c                __cxxabiv1::__si_class_type_info::__do_find_public_src(int, void const*, __cxxabiv1::__class_type_info const*, void const*) const
 .text._ZNK10__cxxabiv120__si_class_type_info12__do_dyncastEiNS_17__class_type_info10__sub_kindEPKS1_PKvS4_S6_RNS1_16__dyncast_resultE
                0x038097c8       0x8c C:\Program Files (x86)\VEX Robotics\VEXcode Pro V5\sdk/vexv5/gcc/libs\libstdc++.a(si_class_type_info.o)
                0x038097c8                __cxxabiv1::__si_class_type_info::__do_dyncast(int, __cxxabiv1::__class_type_info::__sub_kind, __cxxabiv1::__class_type_info const*, void const*, __cxxabiv1::__class_type_info const*, void const*, __cxxabiv1::__class_type_info::__dyncast_result&) const
 .text._ZNK10__cxxabiv120__si_class_type_info11__do_upcastEPKNS_17__class_type_infoEPKvRNS1_15__upcast_resultE
                0x03809854       0x2c C:\Program Files (x86)\VEX Robotics\VEXcode Pro V5\sdk/vexv5/gcc/libs\libstdc++.a(si_class_type_info.o)
                0x03809854                __cxxabiv1::__si_class_type_info::__do_upcast(__cxxabiv1::__class_type_info const*, void const*, __cxxabiv1::__class_type_info::__upcast_result&) const
 .text._ZNSt9type_infoD2Ev
                0x03809880        0x4 C:\Program Files (x86)\VEX Robotics\VEXcode Pro V5\sdk/vexv5/gcc/libs\libstdc++.a(tinfo.o)
                0x03809880                std::type_info::~type_info()
                0x03809880                std::type_info::~type_info()
 .text._ZNKSt9type_info14__is_pointer_pEv
                0x03809884        0x4 C:\Program Files (x86)\VEX Robotics\VEXcode Pro V5\sdk/vexv5/gcc/libs\libstdc++.a(tinfo.o)
                0x03809884                std::type_info::__is_pointer_p() const
 .text._ZNKSt9type_info15__is_function_pEv
                0x03809888        0x4 C:\Program Files (x86)\VEX Robotics\VEXcode Pro V5\sdk/vexv5/gcc/libs\libstdc++.a(tinfo.o)
                0x03809888                std::type_info::__is_function_p() const
 .text._ZNKSt9type_infoeqERKS_
                0x0380988c       0x2c C:\Program Files (x86)\VEX Robotics\VEXcode Pro V5\sdk/vexv5/gcc/libs\libstdc++.a(tinfo.o)
                0x0380988c                std::type_info::operator==(std::type_info const&) const
 .text._ZNSt8ios_base17_M_call_callbacksENS_5eventE
                0x038098b8       0x34 C:\Program Files (x86)\VEX Robotics\VEXcode Pro V5\sdk/vexv5/gcc/libs\libstdc++.a(ios.o)
                0x038098b8                std::ios_base::_M_call_callbacks(std::ios_base::event)
 .text._ZNSt8ios_base20_M_dispose_callbacksEv
                0x038098ec       0x2c C:\Program Files (x86)\VEX Robotics\VEXcode Pro V5\sdk/vexv5/gcc/libs\libstdc++.a(ios.o)
                0x038098ec                std::ios_base::_M_dispose_callbacks()
 .text._ZNSt8ios_baseD2Ev
                0x03809918       0x38 C:\Program Files (x86)\VEX Robotics\VEXcode Pro V5\sdk/vexv5/gcc/libs\libstdc++.a(ios.o)
                0x03809918                std::ios_base::~ios_base()
                0x03809918                std::ios_base::~ios_base()
 .text._ZNSt8ios_baseD0Ev
                0x03809950       0x14 C:\Program Files (x86)\VEX Robotics\VEXcode Pro V5\sdk/vexv5/gcc/libs\libstdc++.a(ios.o)
                0x03809950                std::ios_base::~ios_base()
 .text._ZN10__cxxabiv121__vmi_class_type_infoD2Ev
                0x03809964       0x14 C:\Program Files (x86)\VEX Robotics\VEXcode Pro V5\sdk/vexv5/gcc/libs\libstdc++.a(vmi_class_type_info.o)
                0x03809964                __cxxabiv1::__vmi_class_type_info::~__vmi_class_type_info()
                0x03809964                __cxxabiv1::__vmi_class_type_info::~__vmi_class_type_info()
 .text._ZN10__cxxabiv121__vmi_class_type_infoD0Ev
                0x03809978       0x1c C:\Program Files (x86)\VEX Robotics\VEXcode Pro V5\sdk/vexv5/gcc/libs\libstdc++.a(vmi_class_type_info.o)
                0x03809978                __cxxabiv1::__vmi_class_type_info::~__vmi_class_type_info()
 .text._ZNK10__cxxabiv121__vmi_class_type_info20__do_find_public_srcEiPKvPKNS_17__class_type_infoES2_
                0x03809994       0x8c C:\Program Files (x86)\VEX Robotics\VEXcode Pro V5\sdk/vexv5/gcc/libs\libstdc++.a(vmi_class_type_info.o)
                0x03809994                __cxxabiv1::__vmi_class_type_info::__do_find_public_src(int, void const*, __cxxabiv1::__class_type_info const*, void const*) const
 .text._ZNK10__cxxabiv121__vmi_class_type_info12__do_dyncastEiNS_17__class_type_info10__sub_kindEPKS1_PKvS4_S6_RNS1_16__dyncast_resultE
                0x03809a20      0x380 C:\Program Files (x86)\VEX Robotics\VEXcode Pro V5\sdk/vexv5/gcc/libs\libstdc++.a(vmi_class_type_info.o)
                0x03809a20                __cxxabiv1::__vmi_class_type_info::__do_dyncast(int, __cxxabiv1::__class_type_info::__sub_kind, __cxxabiv1::__class_type_info const*, void const*, __cxxabiv1::__class_type_info const*, void const*, __cxxabiv1::__class_type_info::__dyncast_result&) const
 .text._ZNK10__cxxabiv121__vmi_class_type_info11__do_upcastEPKNS_17__class_type_infoEPKvRNS1_15__upcast_resultE
                0x03809da0      0x164 C:\Program Files (x86)\VEX Robotics\VEXcode Pro V5\sdk/vexv5/gcc/libs\libstdc++.a(vmi_class_type_info.o)
                0x03809da0                __cxxabiv1::__vmi_class_type_info::__do_upcast(__cxxabiv1::__class_type_info const*, void const*, __cxxabiv1::__class_type_info::__upcast_result&) const
 .text.__libc_fini_array
                0x03809f04       0x30 C:\Program Files (x86)\VEX Robotics\VEXcode Pro V5\sdk/vexv5/gcc/libs\libc.a(lib_a-fini.o)
                0x03809f04                __libc_fini_array
 .text.__libc_init_array
                0x03809f34       0x58 C:\Program Files (x86)\VEX Robotics\VEXcode Pro V5\sdk/vexv5/gcc/libs\libc.a(lib_a-init.o)
                0x03809f34                __libc_init_array
 *fill*         0x03809f8c        0x4 
 .text.__libc_init_array.__stub
                0x03809f90       0x18 linker stubs
 *(.gnu.linkonce.t.*)
 *(.plt)
 *(.gnu_warning)
 *(.gcc_except_table)
 *(.glue_7)
 .glue_7        0x00000000        0x0 linker stubs
 *(.glue_7t)
 .glue_7t       0x00000000        0x0 linker stubs
 *(.vfp11_veneer)
 .vfp11_veneer  0x00000000        0x0 linker stubs
 *(.ARM.extab)
 *(.gnu.linkonce.armextab.*)

.v4_bx          0x03809fa8        0x0
 .v4_bx         0x00000000        0x0 linker stubs

.iplt           0x03809fa8        0x0
 .iplt          0x00000000        0x0 build/src/main.o

.init
 *(.init)

.fini
 *(.fini)

.rodata         0x03809fa8      0x578
                0x03809fa8                __rodata_start = .
 *(.rodata)
 *(.rodata.*)
 .rodata.str1.1
                0x03809fa8       0x16 build/src/autonMethodLibrary.o
 .rodata.str1.1
                0x03809fbe        0x8 build/src/drivetrainFunctions.o
 .rodata.str1.1
                0x03809fc6       0x22 build/src/opControl.o
                                 0x26 (size before relaxing)
 .rodata.str1.1
                0x00000000        0x8 build/src/trackingWheelFunctions.o
 .rodata.str1.1
                0x03809fe8       0x2e C:\Program Files (x86)\VEX Robotics\VEXcode Pro V5\sdk/vexv5\libv5rt.a(v5_startup.c.obj)
 *fill*         0x0380a016        0x2 
 .rodata._ZN3vex6PORT20E